Archive member included to satisfy reference by file (symbol)

c:/nxp/mcuxpressoide_11.0.1_2563/ide/plugins/com.nxp.mcuxpresso.tools.win32_11.0.1.201907311258/tools/bin/../lib/gcc/arm-none-eabi/8.2.1/../../../../arm-none-eabi/lib/thumb/v7e-m+fp/hard\libcr_semihost_nf.a(_cr__main.o)
                              ./startup/startup_mk64f12.o (__main)
c:/nxp/mcuxpressoide_11.0.1_2563/ide/plugins/com.nxp.mcuxpresso.tools.win32_11.0.1.201907311258/tools/bin/../lib/gcc/arm-none-eabi/8.2.1/../../../../arm-none-eabi/lib/thumb/v7e-m+fp/hard\libcr_semihost_nf.a(_cr_assert.o)
                              ./utilities/fsl_debug_console.o (__assertion_failed)
c:/nxp/mcuxpressoide_11.0.1_2563/ide/plugins/com.nxp.mcuxpresso.tools.win32_11.0.1.201907311258/tools/bin/../lib/gcc/arm-none-eabi/8.2.1/../../../../arm-none-eabi/lib/thumb/v7e-m+fp/hard\libcr_semihost_nf.a(__ciob.o)
                              c:/nxp/mcuxpressoide_11.0.1_2563/ide/plugins/com.nxp.mcuxpresso.tools.win32_11.0.1.201907311258/tools/bin/../lib/gcc/arm-none-eabi/8.2.1/../../../../arm-none-eabi/lib/thumb/v7e-m+fp/hard\libcr_semihost_nf.a(_cr_assert.o) (__Ciob)
c:/nxp/mcuxpressoide_11.0.1_2563/ide/plugins/com.nxp.mcuxpresso.tools.win32_11.0.1.201907311258/tools/bin/../lib/gcc/arm-none-eabi/8.2.1/../../../../arm-none-eabi/lib/thumb/v7e-m+fp/hard\libcr_semihost_nf.a(__sys_appexit.o)
                              c:/nxp/mcuxpressoide_11.0.1_2563/ide/plugins/com.nxp.mcuxpresso.tools.win32_11.0.1.201907311258/tools/bin/../lib/gcc/arm-none-eabi/8.2.1/../../../../arm-none-eabi/lib/thumb/v7e-m+fp/hard\libcr_semihost_nf.a(_cr_assert.o) (__sys_appexit)
c:/nxp/mcuxpressoide_11.0.1_2563/ide/plugins/com.nxp.mcuxpresso.tools.win32_11.0.1.201907311258/tools/bin/../lib/gcc/arm-none-eabi/8.2.1/../../../../arm-none-eabi/lib/thumb/v7e-m+fp/hard\libcr_c.a(memcpy.o)
                              ./drivers/fsl_enet.o (memcpy)
c:/nxp/mcuxpressoide_11.0.1_2563/ide/plugins/com.nxp.mcuxpresso.tools.win32_11.0.1.201907311258/tools/bin/../lib/gcc/arm-none-eabi/8.2.1/../../../../arm-none-eabi/lib/thumb/v7e-m+fp/hard\libcr_c.a(memset.o)
                              ./utilities/fsl_debug_console.o (memset)
c:/nxp/mcuxpressoide_11.0.1_2563/ide/plugins/com.nxp.mcuxpresso.tools.win32_11.0.1.201907311258/tools/bin/../lib/gcc/arm-none-eabi/8.2.1/../../../../arm-none-eabi/lib/thumb/v7e-m+fp/hard\libcr_c.a(_deferredlazyseek.o)
                              c:/nxp/mcuxpressoide_11.0.1_2563/ide/plugins/com.nxp.mcuxpresso.tools.win32_11.0.1.201907311258/tools/bin/../lib/gcc/arm-none-eabi/8.2.1/../../../../arm-none-eabi/lib/thumb/v7e-m+fp/hard\libcr_semihost_nf.a(_cr_assert.o) (__flsbuf)
c:/nxp/mcuxpressoide_11.0.1_2563/ide/plugins/com.nxp.mcuxpresso.tools.win32_11.0.1.201907311258/tools/bin/../lib/gcc/arm-none-eabi/8.2.1/../../../../arm-none-eabi/lib/thumb/v7e-m+fp/hard\libcr_c.a(_fflush.o)
                              c:/nxp/mcuxpressoide_11.0.1_2563/ide/plugins/com.nxp.mcuxpresso.tools.win32_11.0.1.201907311258/tools/bin/../lib/gcc/arm-none-eabi/8.2.1/../../../../arm-none-eabi/lib/thumb/v7e-m+fp/hard\libcr_c.a(_deferredlazyseek.o) (_fflush)
c:/nxp/mcuxpressoide_11.0.1_2563/ide/plugins/com.nxp.mcuxpresso.tools.win32_11.0.1.201907311258/tools/bin/../lib/gcc/arm-none-eabi/8.2.1/../../../../arm-none-eabi/lib/thumb/v7e-m+fp/hard\libcr_c.a(_writebuf.o)
                              c:/nxp/mcuxpressoide_11.0.1_2563/ide/plugins/com.nxp.mcuxpresso.tools.win32_11.0.1.201907311258/tools/bin/../lib/gcc/arm-none-eabi/8.2.1/../../../../arm-none-eabi/lib/thumb/v7e-m+fp/hard\libcr_c.a(_deferredlazyseek.o) (_Cwritebuf)
c:/nxp/mcuxpressoide_11.0.1_2563/ide/plugins/com.nxp.mcuxpresso.tools.win32_11.0.1.201907311258/tools/bin/../lib/gcc/arm-none-eabi/8.2.1/../../../../arm-none-eabi/lib/thumb/v7e-m+fp/hard\libcr_c.a(alloc.o)
                              ./drivers/fsl_common.o (malloc)
c:/nxp/mcuxpressoide_11.0.1_2563/ide/plugins/com.nxp.mcuxpresso.tools.win32_11.0.1.201907311258/tools/bin/../lib/gcc/arm-none-eabi/8.2.1/../../../../arm-none-eabi/lib/thumb/v7e-m+fp/hard\libcr_c.a(fputs.o)
                              c:/nxp/mcuxpressoide_11.0.1_2563/ide/plugins/com.nxp.mcuxpresso.tools.win32_11.0.1.201907311258/tools/bin/../lib/gcc/arm-none-eabi/8.2.1/../../../../arm-none-eabi/lib/thumb/v7e-m+fp/hard\libcr_semihost_nf.a(_cr_assert.o) (fputs)
c:/nxp/mcuxpressoide_11.0.1_2563/ide/plugins/com.nxp.mcuxpresso.tools.win32_11.0.1.201907311258/tools/bin/../lib/gcc/arm-none-eabi/8.2.1/../../../../arm-none-eabi/lib/thumb/v7e-m+fp/hard\libcr_c.a(fseek.o)
                              c:/nxp/mcuxpressoide_11.0.1_2563/ide/plugins/com.nxp.mcuxpresso.tools.win32_11.0.1.201907311258/tools/bin/../lib/gcc/arm-none-eabi/8.2.1/../../../../arm-none-eabi/lib/thumb/v7e-m+fp/hard\libcr_c.a(_deferredlazyseek.o) (fseek)
c:/nxp/mcuxpressoide_11.0.1_2563/ide/plugins/com.nxp.mcuxpresso.tools.win32_11.0.1.201907311258/tools/bin/../lib/gcc/arm-none-eabi/8.2.1/../../../../arm-none-eabi/lib/thumb/v7e-m+fp/hard\libcr_c.a(ftell.o)
[...]
Memory Configuration

Name             Origin             Length             Attributes
PROGRAM_FLASH    0x00000000         0x00100000         xr
SRAM_UPPER       0x20000000         0x00030000         xrw
SRAM_LOWER       0x1fff0000         0x00010000         xrw
FLEX_RAM         0x14000000         0x00001000         xrw
*default*        0x00000000         0xffffffff

Linker script and memory map

LOAD ./utilities/fsl_debug_console.o
LOAD ./utilities/fsl_str.o
LOAD ./startup/startup_mk64f12.o
LOAD ./source/main.o
LOAD ./source/mtb.o
LOAD ./source/semihost_hardfault.o
LOAD ./drivers/fsl_adc16.o
LOAD ./drivers/fsl_clock.o
LOAD ./drivers/fsl_cmp.o
LOAD ./drivers/fsl_cmt.o
LOAD ./drivers/fsl_common.o
LOAD ./drivers/fsl_crc.o
LOAD ./drivers/fsl_dac.o
LOAD ./drivers/fsl_dmamux.o
LOAD ./drivers/fsl_dspi.o
LOAD ./drivers/fsl_dspi_edma.o
LOAD ./drivers/fsl_edma.o
LOAD ./drivers/fsl_enet.o
LOAD ./drivers/fsl_ewm.o
LOAD ./drivers/fsl_flexbus.o
LOAD ./drivers/fsl_flexcan.o
LOAD ./drivers/fsl_ftfx_cache.o
LOAD ./drivers/fsl_ftfx_controller.o
LOAD ./drivers/fsl_ftfx_flash.o
LOAD ./drivers/fsl_ftfx_flexnvm.o
LOAD ./drivers/fsl_ftm.o
LOAD ./drivers/fsl_gpio.o
LOAD ./drivers/fsl_i2c.o
LOAD ./drivers/fsl_i2c_edma.o
LOAD ./drivers/fsl_llwu.o
LOAD ./drivers/fsl_lptmr.o
LOAD ./drivers/fsl_pdb.o
LOAD ./drivers/fsl_pit.o
LOAD ./drivers/fsl_pmc.o
LOAD ./drivers/fsl_rcm.o
LOAD ./drivers/fsl_rnga.o
LOAD ./drivers/fsl_rtc.o
LOAD ./drivers/fsl_sai.o
LOAD ./drivers/fsl_sai_edma.o
LOAD ./drivers/fsl_sdhc.o
LOAD ./drivers/fsl_sim.o
LOAD ./drivers/fsl_smc.o
LOAD ./drivers/fsl_sysmpu.o
LOAD ./drivers/fsl_uart.o
LOAD ./drivers/fsl_uart_edma.o
LOAD ./drivers/fsl_vref.o
LOAD ./drivers/fsl_wdog.o
LOAD ./device/system_MK64F12.o
LOAD ./component/uart/uart_adapter.o
LOAD ./component/serial_manager/serial_manager.o
LOAD ./component/serial_manager/serial_port_uart.o
LOAD ./component/lists/generic_list.o
LOAD ./board/boards/board.o
LOAD ./board/boards/clock_config.o
LOAD ./board/boards/peripherals.o
LOAD ./board/boards/pin_mux.o
LOAD ./Application/app_ADC.o
LOAD ./Application/app_DAC.o
LOAD ./Application/app_GPIO.o
LOAD ./Application/app_PIT.o
LOAD ./Application/app_buffer.o
START GROUP
LOAD c:/nxp/mcuxpressoide_11.0.1_2563/ide/plugins/com.nxp.mcuxpresso.tools.win32_11.0.1.201907311258/tools/bin/../lib/gcc/arm-none-eabi/8.2.1/../../../../arm-none-eabi/lib/thumb/v7e-m+fp/hard\libcr_semihost_nf.a
LOAD c:/nxp/mcuxpressoide_11.0.1_2563/ide/plugins/com.nxp.mcuxpresso.tools.win32_11.0.1.201907311258/tools/bin/../lib/gcc/arm-none-eabi/8.2.1/../../../../arm-none-eabi/lib/thumb/v7e-m+fp/hard\libcr_c.a
LOAD c:/nxp/mcuxpressoide_11.0.1_2563/ide/plugins/com.nxp.mcuxpresso.tools.win32_11.0.1.201907311258/tools/bin/../lib/gcc/arm-none-eabi/8.2.1/thumb/v7e-m+fp/hard\libcr_eabihelpers.a
LOAD c:/nxp/mcuxpressoide_11.0.1_2563/ide/plugins/com.nxp.mcuxpresso.tools.win32_11.0.1.201907311258/tools/bin/../lib/gcc/arm-none-eabi/8.2.1/thumb/v7e-m+fp/hard\libgcc.a
END GROUP
                0x00000000                __base_PROGRAM_FLASH = 0x0
                0x00000000                __base_Flash = 0x0
                0x00100000                __top_PROGRAM_FLASH = 0x100000
                0x00100000                __top_Flash = 0x100000
                0x20000000                __base_SRAM_UPPER = 0x20000000
                0x20000000                __base_RAM = 0x20000000
                0x20030000                __top_SRAM_UPPER = 0x20030000
                0x20030000                __top_RAM = 0x20030000
                0x1fff0000                __base_SRAM_LOWER = 0x1fff0000
                0x1fff0000                __base_RAM2 = 0x1fff0000
                0x20000000                __top_SRAM_LOWER = 0x20000000
                0x20000000                __top_RAM2 = 0x20000000
                0x14000000                __base_FLEX_RAM = 0x14000000
                0x14000000                __base_RAM3 = 0x14000000
                0x14001000                __top_FLEX_RAM = 0x14001000
                0x14001000                __top_RAM3 = 0x14001000

.text           0x00000000     0x8a98
 FILL mask 0xff
                0x00000000                __vectors_start__ = ABSOLUTE (.)
 *(SORT_BY_ALIGNMENT(.isr_vector))
 .isr_vector    0x00000000      0x198 ./startup/startup_mk64f12.o
                0x00000000                g_pfnVectors
                0x00000000                __Vectors
                0x00000198                . = ALIGN (0x4)
                0x00000198                __section_table_start = .
                0x00000198                __data_section_table = .
                0x00000198        0x4 LONG 0x8a98 LOADADDR (.data)
                0x0000019c        0x4 LONG 0x20000000 ADDR (.data)
                0x000001a0        0x4 LONG 0x10 SIZEOF (.data)
                0x000001a4        0x4 LONG 0x8a98 LOADADDR (.data_RAM2)
                0x000001a8        0x4 LONG 0x1fff0000 ADDR (.data_RAM2)
                0x000001ac        0x4 LONG 0x0 SIZEOF (.data_RAM2)
                0x000001b0        0x4 LONG 0x8a98 LOADADDR (.data_RAM3)
                0x000001b4        0x4 LONG 0x14000000 ADDR (.data_RAM3)
                0x000001b8        0x4 LONG 0x0 SIZEOF (.data_RAM3)
                0x000001bc                __data_section_table_end = .
                0x000001bc                __bss_section_table = .
                0x000001bc        0x4 LONG 0x20000010 ADDR (.bss)
                0x000001c0        0x4 LONG 0x18850 SIZEOF (.bss)
                0x000001c4        0x4 LONG 0x1fff0000 ADDR (.bss_RAM2)
                0x000001c8        0x4 LONG 0x0 SIZEOF (.bss_RAM2)
                0x000001cc        0x4 LONG 0x14000000 ADDR (.bss_RAM3)
                0x000001d0        0x4 LONG 0x0 SIZEOF (.bss_RAM3)
                0x000001d4                __bss_section_table_end = .
                0x000001d4                __section_table_end = .
 *(SORT_BY_ALIGNMENT(.after_vectors*))
 .after_vectors.reset
                0x000001d4       0x4c ./startup/startup_mk64f12.o
                0x000001d4                ResetISR
 .after_vectors.init_data
                0x00000220       0x1e ./startup/startup_mk64f12.o
                0x00000220                data_init
 .after_vectors.init_bss
                0x0000023e       0x12 ./startup/startup_mk64f12.o
                0x0000023e                bss_init
 .after_vectors
                0x00000250       0x14 ./startup/startup_mk64f12.o
                0x00000250                NMI_Handler
                0x00000254                MemManage_Handler
                0x00000256                BusFault_Handler
                0x00000258                UsageFault_Handler
                0x0000025a                SVC_Handler
                0x0000025c                DebugMon_Handler
                0x0000025e                PendSV_Handler
                0x00000260                SysTick_Handler
                0x00000262                FTM2_DriverIRQHandler
                0x00000262                PIT2_DriverIRQHandler
                0x00000262                RTC_Seconds_DriverIRQHandler
                0x00000262                FTM1_DriverIRQHandler
                0x00000262                MCM_DriverIRQHandler
                0x00000262                MCG_DriverIRQHandler
                0x00000262                ENET_1588_Timer_DriverIRQHandler
                0x00000262                DAC1_DriverIRQHandler
                0x00000262                LLWU_DriverIRQHandler
                0x00000262                CMP1_DriverIRQHandler
                0x00000262                FTM0_DriverIRQHandler
                0x00000262                IntDefaultHandler
                0x00000262                USB0_DriverIRQHandler
                0x00000262                UART5_ERR_DriverIRQHandler
                0x00000262                PORTC_DriverIRQHandler
                0x00000262                DAC0_DriverIRQHandler
                0x00000262                CMP2_DriverIRQHandler
                0x00000262                UART2_ERR_DriverIRQHandler
                0x00000262                DMA_Error_DriverIRQHandler
                0x00000262                PIT0_DriverIRQHandler
                0x00000262                RNG_DriverIRQHandler
                0x00000262                USBDCD_DriverIRQHandler
                0x00000262                UART3_ERR_DriverIRQHandler
                0x00000262                UART0_ERR_DriverIRQHandler
                0x00000262                CMT_DriverIRQHandler
                0x00000262                Reserved71_DriverIRQHandler
                0x00000262                ADC1_DriverIRQHandler
                0x00000262                PORTA_DriverIRQHandler
                0x00000262                PIT3_DriverIRQHandler
                0x00000262                PIT1_DriverIRQHandler
                0x00000262                WDOG_EWM_DriverIRQHandler
                0x00000262                PDB0_DriverIRQHandler
                0x00000262                RTC_DriverIRQHandler
                0x00000262                Read_Collision_DriverIRQHandler
                0x00000262                SWI_DriverIRQHandler
                0x00000262                UART4_ERR_DriverIRQHandler
                0x00000262                LPTMR0_DriverIRQHandler
                0x00000262                UART0_LON_DriverIRQHandler
                0x00000262                PORTB_DriverIRQHandler
                0x00000262                ENET_Receive_DriverIRQHandler
                0x00000262                ENET_Error_DriverIRQHandler
                0x00000262                ADC0_DriverIRQHandler
                0x00000262                CMP0_DriverIRQHandler
                0x00000262                FTM3_DriverIRQHandler
                0x00000262                LVD_LVW_DriverIRQHandler
                0x00000262                UART1_ERR_DriverIRQHandler
                0x00000262                ENET_Transmit_DriverIRQHandler
                0x00000262                PORTD_DriverIRQHandler
                0x00000262                PORTE_DriverIRQHandler
                0x00000262                FTFE_DriverIRQHandler
                0x00000400                . = 0x400
 *fill*         0x00000264      0x19c ff
                0x00000400                PROVIDE (__FLASH_CONFIG_START__ = .)
 *(SORT_BY_ALIGNMENT(.FlashConfig))
 .FlashConfig   0x00000400       0x10 ./startup/startup_mk64f12.o
                0x00000400                Flash_Config
                0x00000410                PROVIDE (__FLASH_CONFIG_END__ = .)
                0x00000001                ASSERT (! ((__FLASH_CONFIG_START__ == __FLASH_CONFIG_END__)), Linker Flash Config Support Enabled, but no .FlashConfig section provided within application)
 *(SORT_BY_ALIGNMENT(.text*))
 .text.DbgConsole_Init
                0x00000410      0x104 ./utilities/fsl_debug_console.o
                0x00000410                DbgConsole_Init
 .text.ADC16_GetInstance
                0x00000514       0x4c ./drivers/fsl_adc16.o
 .text.ADC16_Init
                0x00000560      0x10c ./drivers/fsl_adc16.o
                0x00000560                ADC16_Init
 .text.ADC16_GetDefaultConfig
                0x0000066c       0x60 ./drivers/fsl_adc16.o
                0x0000066c                ADC16_GetDefaultConfig
 .text.ADC16_SetChannelConfig
                0x000006cc       0x68 ./drivers/fsl_adc16.o
                0x000006cc                ADC16_SetChannelConfig
 .text.ADC16_GetChannelStatusFlags
                0x00000734       0x40 ./drivers/fsl_adc16.o
                0x00000734                ADC16_GetChannelStatusFlags
 .text.CLOCK_SetEr32kClock
                0x00000774       0x30 ./drivers/fsl_clock.o
 .text.CLOCK_SetPllFllSelClock
                0x000007a4       0x3c ./drivers/fsl_clock.o
 .text.CLOCK_GetMcgExtClkFreq
                0x000007e0       0x78 ./drivers/fsl_clock.o
 .text.CLOCK_GetFllExtRefClkFreq
                0x00000858       0xd0 ./drivers/fsl_clock.o
 .text.CLOCK_GetInternalRefClkSelectFreq
                0x00000928       0x44 ./drivers/fsl_clock.o
 .text.CLOCK_GetFllRefClkFreq
                0x0000096c       0x2c ./drivers/fsl_clock.o
 .text.CLOCK_GetOscRangeFromFreq
                0x00000998       0x3c ./drivers/fsl_clock.o
 .text.CLOCK_GetOsc0ErClkFreq
                0x000009d4       0x38 ./drivers/fsl_clock.o
                0x000009d4                CLOCK_GetOsc0ErClkFreq
 .text.CLOCK_GetEr32kClkFreq
                0x00000a0c       0x70 ./drivers/fsl_clock.o
                0x00000a0c                CLOCK_GetEr32kClkFreq
 .text.CLOCK_GetPllFllSelClkFreq
                0x00000a7c       0x54 ./drivers/fsl_clock.o
                0x00000a7c                CLOCK_GetPllFllSelClkFreq
 .text.CLOCK_GetCoreSysClkFreq
                0x00000ad0       0x28 ./drivers/fsl_clock.o
                0x00000ad0                CLOCK_GetCoreSysClkFreq
 .text.CLOCK_GetFreq
                0x00000af8      0x148 ./drivers/fsl_clock.o
                0x00000af8                CLOCK_GetFreq
 .text.CLOCK_SetSimConfig
                0x00000c40       0x38 ./drivers/fsl_clock.o
                0x00000c40                CLOCK_SetSimConfig
 .text.CLOCK_EnableUsbfs0Clock
                0x00000c78      0x108 ./drivers/fsl_clock.o
                0x00000c78                CLOCK_EnableUsbfs0Clock
 .text.CLOCK_GetOutClkFreq
                0x00000d80       0x64 ./drivers/fsl_clock.o
                0x00000d80                CLOCK_GetOutClkFreq
 .text.CLOCK_GetFllFreq
                0x00000de4       0x7c ./drivers/fsl_clock.o
                0x00000de4                CLOCK_GetFllFreq
 .text.CLOCK_GetInternalRefClkFreq
                0x00000e60       0x24 ./drivers/fsl_clock.o
                0x00000e60                CLOCK_GetInternalRefClkFreq
 .text.CLOCK_GetPll0Freq
                0x00000e84       0x68 ./drivers/fsl_clock.o
                0x00000e84                CLOCK_GetPll0Freq
 .text.CLOCK_SetExternalRefClkConfig
                0x00000eec       0x6c ./drivers/fsl_clock.o
                0x00000eec                CLOCK_SetExternalRefClkConfig
 .text.CLOCK_SetInternalRefClkConfig
                0x00000f58      0x104 ./drivers/fsl_clock.o
                0x00000f58                CLOCK_SetInternalRefClkConfig
 .text.CLOCK_EnablePll0
                0x0000105c       0x84 ./drivers/fsl_clock.o
                0x0000105c                CLOCK_EnablePll0
 .text.CLOCK_InitOsc0
                0x000010e0       0x8c ./drivers/fsl_clock.o
                0x000010e0                CLOCK_InitOsc0
 .text.CLOCK_SetPbeMode
                0x0000116c       0xa8 ./drivers/fsl_clock.o
                0x0000116c                CLOCK_SetPbeMode
 .text.CLOCK_BootToPeeMode
                0x00001214       0x64 ./drivers/fsl_clock.o
                0x00001214                CLOCK_BootToPeeMode
 .text.DAC_GetInstance
                0x00001278       0x4c ./drivers/fsl_dac.o
 .text.DAC_Init
                0x000012c4       0x70 ./drivers/fsl_dac.o
                0x000012c4                DAC_Init
 .text.DAC_GetDefaultConfig
                0x00001334       0x38 ./drivers/fsl_dac.o
                0x00001334                DAC_GetDefaultConfig
 .text.DAC_SetBufferValue
                0x0000136c       0x50 ./drivers/fsl_dac.o
                0x0000136c                DAC_SetBufferValue
 .text.DAC_SetBufferReadPointer
                0x000013bc       0x48 ./drivers/fsl_dac.o
                0x000013bc                DAC_SetBufferReadPointer
 .text.DSPI_CommonIRQHandler
                0x00001404       0x40 ./drivers/fsl_dspi.o
 .text.SPI0_DriverIRQHandler
                0x00001444       0x30 ./drivers/fsl_dspi.o
                0x00001444                SPI0_DriverIRQHandler
 .text.SPI1_DriverIRQHandler
                0x00001474       0x30 ./drivers/fsl_dspi.o
                0x00001474                SPI1_DriverIRQHandler
 .text.SPI2_DriverIRQHandler
                0x000014a4       0x30 ./drivers/fsl_dspi.o
                0x000014a4                SPI2_DriverIRQHandler
 .text.EDMA_HandleIRQ
                0x000014d4      0x160 ./drivers/fsl_edma.o
                0x000014d4                EDMA_HandleIRQ
 .text.DMA0_DriverIRQHandler
                0x00001634       0x1c ./drivers/fsl_edma.o
                0x00001634                DMA0_DriverIRQHandler
 .text.DMA1_DriverIRQHandler
                0x00001650       0x1c ./drivers/fsl_edma.o
                0x00001650                DMA1_DriverIRQHandler
 .text.DMA2_DriverIRQHandler
                0x0000166c       0x1c ./drivers/fsl_edma.o
                0x0000166c                DMA2_DriverIRQHandler
 .text.DMA3_DriverIRQHandler
                0x00001688       0x1c ./drivers/fsl_edma.o
                0x00001688                DMA3_DriverIRQHandler
 .text.DMA4_DriverIRQHandler
                0x000016a4       0x1c ./drivers/fsl_edma.o
                0x000016a4                DMA4_DriverIRQHandler
 .text.DMA5_DriverIRQHandler
                0x000016c0       0x1c ./drivers/fsl_edma.o
                0x000016c0                DMA5_DriverIRQHandler
 .text.DMA6_DriverIRQHandler
                0x000016dc       0x1c ./drivers/fsl_edma.o
                0x000016dc                DMA6_DriverIRQHandler
 .text.DMA7_DriverIRQHandler
                0x000016f8       0x1c ./drivers/fsl_edma.o
                0x000016f8                DMA7_DriverIRQHandler
 .text.DMA8_DriverIRQHandler
                0x00001714       0x1c ./drivers/fsl_edma.o
                0x00001714                DMA8_DriverIRQHandler
 .text.DMA9_DriverIRQHandler
                0x00001730       0x1c ./drivers/fsl_edma.o
                0x00001730                DMA9_DriverIRQHandler
 .text.DMA10_DriverIRQHandler
                0x0000174c       0x1c ./drivers/fsl_edma.o
                0x0000174c                DMA10_DriverIRQHandler
 .text.DMA11_DriverIRQHandler
                0x00001768       0x1c ./drivers/fsl_edma.o
                0x00001768                DMA11_DriverIRQHandler
 .text.DMA12_DriverIRQHandler
                0x00001784       0x1c ./drivers/fsl_edma.o
                0x00001784                DMA12_DriverIRQHandler
 .text.DMA13_DriverIRQHandler
                0x000017a0       0x1c ./drivers/fsl_edma.o
                0x000017a0                DMA13_DriverIRQHandler
 .text.DMA14_DriverIRQHandler
                0x000017bc       0x1c ./drivers/fsl_edma.o
                0x000017bc                DMA14_DriverIRQHandler
 .text.DMA15_DriverIRQHandler
                0x000017d8       0x1c ./drivers/fsl_edma.o
                0x000017d8                DMA15_DriverIRQHandler
 .text.ENET_Transmit_IRQHandler
                0x000017f4       0x28 ./drivers/fsl_enet.o
                0x000017f4                ENET_Transmit_IRQHandler
 .text.ENET_Receive_IRQHandler
                0x0000181c       0x28 ./drivers/fsl_enet.o
                0x0000181c                ENET_Receive_IRQHandler
 .text.ENET_Error_IRQHandler
                0x00001844       0x28 ./drivers/fsl_enet.o
                0x00001844                ENET_Error_IRQHandler
 .text.ENET_1588_Timer_IRQHandler
                0x0000186c       0x28 ./drivers/fsl_enet.o
                0x0000186c                ENET_1588_Timer_IRQHandler
 .text.CAN0_DriverIRQHandler
                0x00001894       0x38 ./drivers/fsl_flexcan.o
                0x00001894                CAN0_DriverIRQHandler
 .text.GPIO_GetInstance
                0x000018cc       0x4c ./drivers/fsl_gpio.o
 .text.GPIO_PinInit
                0x00001918       0x68 ./drivers/fsl_gpio.o
                0x00001918                GPIO_PinInit
 .text.GPIO_PortClearInterruptFlags
                0x00001980       0x34 ./drivers/fsl_gpio.o
                0x00001980                GPIO_PortClearInterruptFlags
 .text.I2C_TransferCommonIRQHandler
                0x000019b4       0x54 ./drivers/fsl_i2c.o
 .text.I2C0_DriverIRQHandler
                0x00001a08       0x1c ./drivers/fsl_i2c.o
                0x00001a08                I2C0_DriverIRQHandler
 .text.I2C1_DriverIRQHandler
                0x00001a24       0x1c ./drivers/fsl_i2c.o
                0x00001a24                I2C1_DriverIRQHandler
 .text.I2C2_DriverIRQHandler
                0x00001a40       0x1c ./drivers/fsl_i2c.o
                0x00001a40                I2C2_DriverIRQHandler
 .text.PIT_GetInstance
                0x00001a5c       0x44 ./drivers/fsl_pit.o
 .text.PIT_Init
                0x00001aa0       0x94 ./drivers/fsl_pit.o
                0x00001aa0                PIT_Init
 .text.I2S0_Tx_DriverIRQHandler
                0x00001b34       0x38 ./drivers/fsl_sai.o
                0x00001b34                I2S0_Tx_DriverIRQHandler
 .text.I2S0_Rx_DriverIRQHandler
                0x00001b6c       0x38 ./drivers/fsl_sai.o
                0x00001b6c                I2S0_Rx_DriverIRQHandler
 .text.SDHC_DriverIRQHandler
                0x00001ba4       0x38 ./drivers/fsl_sdhc.o
                0x00001ba4                SDHC_DriverIRQHandler
 .text.UART_GetInstance
                0x00001bdc       0x54 ./drivers/fsl_uart.o
                0x00001bdc                UART_GetInstance
 .text.UART_Init
                0x00001c30      0x2d8 ./drivers/fsl_uart.o
                0x00001c30                UART_Init
 .text.UART_GetDefaultConfig
                0x00001f08       0x68 ./drivers/fsl_uart.o
                0x00001f08                UART_GetDefaultConfig
 .text.UART0_DriverIRQHandler
                0x00001f70       0x28 ./drivers/fsl_uart.o
                0x00001f70                UART0_DriverIRQHandler
 .text.UART1_DriverIRQHandler
                0x00001f98       0x28 ./drivers/fsl_uart.o
                0x00001f98                UART1_DriverIRQHandler
 .text.UART2_DriverIRQHandler
                0x00001fc0       0x28 ./drivers/fsl_uart.o
                0x00001fc0                UART2_DriverIRQHandler
 .text.UART3_DriverIRQHandler
                0x00001fe8       0x28 ./drivers/fsl_uart.o
                0x00001fe8                UART3_DriverIRQHandler
 .text.UART4_DriverIRQHandler
                0x00002010       0x28 ./drivers/fsl_uart.o
                0x00002010                UART4_DriverIRQHandler
 .text.UART5_DriverIRQHandler
                0x00002038       0x28 ./drivers/fsl_uart.o
                0x00002038                UART5_DriverIRQHandler
 .text.SystemInit
                0x00002060       0x3c ./device/system_MK64F12.o
                0x00002060                SystemInit
 .text.HAL_UartInit
                0x0000209c      0x108 ./component/uart/uart_adapter.o
                0x0000209c                HAL_UartInit
 .text.SerialManager_Init
                0x000021a4       0x74 ./component/serial_manager/serial_manager.o
                0x000021a4                SerialManager_Init
 .text.SerialManager_OpenWriteHandle
                0x00002218       0x58 ./component/serial_manager/serial_manager.o
                0x00002218                SerialManager_OpenWriteHandle
 .text.SerialManager_OpenReadHandle
                0x00002270       0x60 ./component/serial_manager/serial_manager.o
                0x00002270                SerialManager_OpenReadHandle
 .text.Serial_UartInit
                0x000022d0       0x80 ./component/serial_manager/serial_port_uart.o
                0x000022d0                Serial_UartInit
 .text.CLOCK_SetSdhc0Clock
                0x00002350       0x3c ./board/boards/clock_config.o
 .text.CLOCK_SetEnetTime0Clock
                0x0000238c       0x3c ./board/boards/clock_config.o
 .text.CLOCK_SetRmii0Clock
                0x000023c8       0x3c ./board/boards/clock_config.o
 .text.CLOCK_SetTraceClock
                0x00002404       0x3c ./board/boards/clock_config.o
 .text.CLOCK_SetClkOutClock
                0x00002440       0x38 ./board/boards/clock_config.o
 .text.CLOCK_SetSimSafeDivs
                0x00002478       0x20 ./board/boards/clock_config.o
 .text.CLOCK_SetXtal0Freq
                0x00002498       0x20 ./board/boards/clock_config.o
 .text.CLOCK_CONFIG_SetFllExtRefDiv
                0x000024b8       0x3c ./board/boards/clock_config.o
 .text.BOARD_BootClockRUN
                0x000024f4       0x88 ./board/boards/clock_config.o
                0x000024f4                BOARD_BootClockRUN
 .text.PORT_SetPinConfig
                0x0000257c       0x38 ./board/boards/pin_mux.o
 .text.BOARD_InitPins
                0x000025b4       0x30 ./board/boards/pin_mux.o
                0x000025b4                BOARD_InitPins
 .text.BOARD_InitDEBUG_UARTPins
                0x000025e4       0x6c ./board/boards/pin_mux.o
                0x000025e4                BOARD_InitDEBUG_UARTPins
 .text.ADC16_GetChannelConversionValue
                0x00002650       0x2c ./Application/app_ADC.o
 .text.app_ADC_Init
                0x0000267c       0x34 ./Application/app_ADC.o
                0x0000267c                app_ADC_Init
 .text.app_ADC_Trigger
                0x000026b0       0x2c ./Application/app_ADC.o
 .text.app_ADC_IsConversionCompleted
                0x000026dc       0x34 ./Application/app_ADC.o
 .text.app_ADC_GetValue
                0x00002710       0x18 ./Application/app_ADC.o
 .text.app_ADC_Task
                0x00002728       0x48 ./Application/app_ADC.o
                0x00002728                app_ADC_Task
 .text.app_DAC_Init
                0x00002770       0x34 ./Application/app_DAC.o
                0x00002770                app_DAC_Init
 .text.app_DAC_SetValue
                0x000027a4       0x24 ./Application/app_DAC.o
                0x000027a4                app_DAC_SetValue
 .text.__NVIC_EnableIRQ
                0x000027c8       0x3c ./Application/app_GPIO.o
 .text.PORT_SetPinConfig
                0x00002804       0x38 ./Application/app_GPIO.o
 .text.app_GPIO_Init
                0x0000283c      0x100 ./Application/app_GPIO.o
                0x0000283c                app_GPIO_Init
 .text.PORTA_IRQHandler
                0x0000293c       0x60 ./Application/app_GPIO.o
                0x0000293c                PORTA_IRQHandler
 .text.PORTC_IRQHandler
                0x0000299c       0x34 ./Application/app_GPIO.o
                0x0000299c                PORTC_IRQHandler
 .text.__NVIC_EnableIRQ
                0x000029d0       0x3c ./Application/app_PIT.o
 .text.PIT_GetDefaultConfig
                0x00002a0c       0x28 ./Application/app_PIT.o
 .text.app_PIT_Init
                0x00002a34       0xe0 ./Application/app_PIT.o
                0x00002a34                app_PIT_Init
 .text.PIT0_IRQHandler
                0x00002b14       0x24 ./Application/app_PIT.o
                0x00002b14                PIT0_IRQHandler
 .text.PIT1_IRQHandler
                0x00002b38       0x24 ./Application/app_PIT.o
                0x00002b38                PIT1_IRQHandler
 .text.app_buffer_put
                0x00002b5c       0x44 ./Application/app_buffer.o
                0x00002b5c                app_buffer_put
 .text.app_buffer_get
                0x00002ba0       0x68 ./Application/app_buffer.o
                0x00002ba0                app_buffer_get
 .text.__assertion_failed
                0x00002c08       0x4c c:/nxp/mcuxpressoide_11.0.1_2563/ide/plugins/com.nxp.mcuxpresso.tools.win32_11.0.1.201907311258/tools/bin/../lib/gcc/arm-none-eabi/8.2.1/../../../../arm-none-eabi/lib/thumb/v7e-m+fp/hard\libcr_semihost_nf.a(_cr_assert.o)
                0x00002c08                __assertion_failed
 .text.__sys_appexit
                0x00002c54        0xc c:/nxp/mcuxpressoide_11.0.1_2563/ide/plugins/com.nxp.mcuxpresso.tools.win32_11.0.1.201907311258/tools/bin/../lib/gcc/arm-none-eabi/8.2.1/../../../../arm-none-eabi/lib/thumb/v7e-m+fp/hard\libcr_semihost_nf.a(__sys_appexit.o)
                0x00002c54                __sys_appexit
                0x00002c54                __exit
 .text._Cwritebuf
                0x00002c60       0x6c c:/nxp/mcuxpressoide_11.0.1_2563/ide/plugins/com.nxp.mcuxpresso.tools.win32_11.0.1.201907311258/tools/bin/../lib/gcc/arm-none-eabi/8.2.1/../../../../arm-none-eabi/lib/thumb/v7e-m+fp/hard\libcr_c.a(_writebuf.o)
                0x00002c60                _Cwritebuf
 .text.malloc   0x00002ccc       0xc8 c:/nxp/mcuxpressoide_11.0.1_2563/ide/plugins/com.nxp.mcuxpresso.tools.win32_11.0.1.201907311258/tools/bin/../lib/gcc/arm-none-eabi/8.2.1/../../../../arm-none-eabi/lib/thumb/v7e-m+fp/hard\libcr_c.a(alloc.o)
                0x00002ccc                malloc
 .text._Csys_alloc
                0x00002d94       0x20 c:/nxp/mcuxpressoide_11.0.1_2563/ide/plugins/com.nxp.mcuxpresso.tools.win32_11.0.1.201907311258/tools/bin/../lib/gcc/arm-none-eabi/8.2.1/../../../../arm-none-eabi/lib/thumb/v7e-m+fp/hard\libcr_c.a(alloc.o)
                0x00002d94                _Csys_alloc
 .text.fseek    0x00002db4      0x100 c:/nxp/mcuxpressoide_11.0.1_2563/ide/plugins/com.nxp.mcuxpresso.tools.win32_11.0.1.201907311258/tools/bin/../lib/gcc/arm-none-eabi/8.2.1/../../../../arm-none-eabi/lib/thumb/v7e-m+fp/hard\libcr_c.a(fseek.o)
                0x00002db4                fseek
 .text.ftell    0x00002eb4       0x48 c:/nxp/mcuxpressoide_11.0.1_2563/ide/plugins/com.nxp.mcuxpresso.tools.win32_11.0.1.201907311258/tools/bin/../lib/gcc/arm-none-eabi/8.2.1/../../../../arm-none-eabi/lib/thumb/v7e-m+fp/hard\libcr_c.a(ftell.o)
                0x00002eb4                ftell
 .text._initio  0x00002efc       0x78 c:/nxp/mcuxpressoide_11.0.1_2563/ide/plugins/com.nxp.mcuxpresso.tools.win32_11.0.1.201907311258/tools/bin/../lib/gcc/arm-none-eabi/8.2.1/../../../../arm-none-eabi/lib/thumb/v7e-m+fp/hard\libcr_c.a(initio.o)
                0x00002efc                _initio
 .text.setvbuf  0x00002f74       0x40 c:/nxp/mcuxpressoide_11.0.1_2563/ide/plugins/com.nxp.mcuxpresso.tools.win32_11.0.1.201907311258/tools/bin/../lib/gcc/arm-none-eabi/8.2.1/../../../../arm-none-eabi/lib/thumb/v7e-m+fp/hard\libcr_c.a(setvbuf.o)
                0x00002f74                setvbuf
 .text._sbrk    0x00002fb4       0x3c c:/nxp/mcuxpressoide_11.0.1_2563/ide/plugins/com.nxp.mcuxpresso.tools.win32_11.0.1.201907311258/tools/bin/../lib/gcc/arm-none-eabi/8.2.1/../../../../arm-none-eabi/lib/thumb/v7e-m+fp/hard\libcr_c.a(_cr_sbrk.o)
                0x00002fb4                _sbrk
 .text.fflush   0x00002ff0       0x44 c:/nxp/mcuxpressoide_11.0.1_2563/ide/plugins/com.nxp.mcuxpresso.tools.win32_11.0.1.201907311258/tools/bin/../lib/gcc/arm-none-eabi/8.2.1/../../../../arm-none-eabi/lib/thumb/v7e-m+fp/hard\libcr_c.a(fflush.o)
                0x00002ff0                fflush
 .text.__check_heap_overflow
                0x00003034       0x18 c:/nxp/mcuxpressoide_11.0.1_2563/ide/plugins/com.nxp.mcuxpresso.tools.win32_11.0.1.201907311258/tools/bin/../lib/gcc/arm-none-eabi/8.2.1/../../../../arm-none-eabi/lib/thumb/v7e-m+fp/hard\libcr_c.a(_cr_check_heap.o)
                0x00003034                __check_heap_overflow
 .text.DMA0_IRQHandler
                0x0000304c        0x8 ./startup/startup_mk64f12.o
                0x0000304c                DMA0_IRQHandler
 .text.DMA1_IRQHandler
                0x00003054        0x8 ./startup/startup_mk64f12.o
                0x00003054                DMA1_IRQHandler
 .text.DMA2_IRQHandler
                0x0000305c        0x8 ./startup/startup_mk64f12.o
                0x0000305c                DMA2_IRQHandler
 .text.DMA3_IRQHandler
                0x00003064        0x8 ./startup/startup_mk64f12.o
                0x00003064                DMA3_IRQHandler
 .text.DMA4_IRQHandler
                0x0000306c        0x8 ./startup/startup_mk64f12.o
                0x0000306c                DMA4_IRQHandler
 .text.DMA5_IRQHandler
                0x00003074        0x8 ./startup/startup_mk64f12.o
                0x00003074                DMA5_IRQHandler
 .text.DMA6_IRQHandler
                0x0000307c        0x8 ./startup/startup_mk64f12.o
                0x0000307c                DMA6_IRQHandler
 .text.DMA7_IRQHandler
                0x00003084        0x8 ./startup/startup_mk64f12.o
                0x00003084                DMA7_IRQHandler
 .text.DMA8_IRQHandler
                0x0000308c        0x8 ./startup/startup_mk64f12.o
                0x0000308c                DMA8_IRQHandler
 .text.DMA9_IRQHandler
                0x00003094        0x8 ./startup/startup_mk64f12.o
                0x00003094                DMA9_IRQHandler
 .text.DMA10_IRQHandler
                0x0000309c        0x8 ./startup/startup_mk64f12.o
                0x0000309c                DMA10_IRQHandler
 .text.DMA11_IRQHandler
                0x000030a4        0x8 ./startup/startup_mk64f12.o
                0x000030a4                DMA11_IRQHandler
 .text.DMA12_IRQHandler
                0x000030ac        0x8 ./startup/startup_mk64f12.o
                0x000030ac                DMA12_IRQHandler
 .text.DMA13_IRQHandler
                0x000030b4        0x8 ./startup/startup_mk64f12.o
                0x000030b4                DMA13_IRQHandler
 .text.DMA14_IRQHandler
                0x000030bc        0x8 ./startup/startup_mk64f12.o
                0x000030bc                DMA14_IRQHandler
 .text.DMA15_IRQHandler
                0x000030c4        0x8 ./startup/startup_mk64f12.o
                0x000030c4                DMA15_IRQHandler
 .text.DMA_Error_IRQHandler
                0x000030cc        0x8 ./startup/startup_mk64f12.o
                0x000030cc                DMA_Error_IRQHandler
 .text.MCM_IRQHandler
                0x000030d4        0x8 ./startup/startup_mk64f12.o
                0x000030d4                MCM_IRQHandler
 .text.FTFE_IRQHandler
                0x000030dc        0x8 ./startup/startup_mk64f12.o
                0x000030dc                FTFE_IRQHandler
 .text.Read_Collision_IRQHandler
                0x000030e4        0x8 ./startup/startup_mk64f12.o
                0x000030e4                Read_Collision_IRQHandler
 .text.LVD_LVW_IRQHandler
                0x000030ec        0x8 ./startup/startup_mk64f12.o
                0x000030ec                LVD_LVW_IRQHandler
 .text.LLWU_IRQHandler
                0x000030f4        0x8 ./startup/startup_mk64f12.o
                0x000030f4                LLWU_IRQHandler
 .text.WDOG_EWM_IRQHandler
                0x000030fc        0x8 ./startup/startup_mk64f12.o
                0x000030fc                WDOG_EWM_IRQHandler
 .text.RNG_IRQHandler
                0x00003104        0x8 ./startup/startup_mk64f12.o
                0x00003104                RNG_IRQHandler
 .text.I2C0_IRQHandler
                0x0000310c        0x8 ./startup/startup_mk64f12.o
                0x0000310c                I2C0_IRQHandler
 .text.I2C1_IRQHandler
                0x00003114        0x8 ./startup/startup_mk64f12.o
                0x00003114                I2C1_IRQHandler
 .text.SPI0_IRQHandler
                0x0000311c        0x8 ./startup/startup_mk64f12.o
                0x0000311c                SPI0_IRQHandler
 .text.SPI1_IRQHandler
                0x00003124        0x8 ./startup/startup_mk64f12.o
                0x00003124                SPI1_IRQHandler
 .text.I2S0_Tx_IRQHandler
                0x0000312c        0x8 ./startup/startup_mk64f12.o
                0x0000312c                I2S0_Tx_IRQHandler
 .text.I2S0_Rx_IRQHandler
                0x00003134        0x8 ./startup/startup_mk64f12.o
                0x00003134                I2S0_Rx_IRQHandler
 .text.UART0_LON_IRQHandler
                0x0000313c        0x8 ./startup/startup_mk64f12.o
                0x0000313c                UART0_LON_IRQHandler
 .text.UART0_RX_TX_IRQHandler
                0x00003144        0x8 ./startup/startup_mk64f12.o
                0x00003144                UART0_RX_TX_IRQHandler
 .text.UART0_ERR_IRQHandler
                0x0000314c        0x8 ./startup/startup_mk64f12.o
                0x0000314c                UART0_ERR_IRQHandler
 .text.UART1_RX_TX_IRQHandler
                0x00003154        0x8 ./startup/startup_mk64f12.o
                0x00003154                UART1_RX_TX_IRQHandler
 .text.UART1_ERR_IRQHandler
                0x0000315c        0x8 ./startup/startup_mk64f12.o
                0x0000315c                UART1_ERR_IRQHandler
 .text.UART2_RX_TX_IRQHandler
                0x00003164        0x8 ./startup/startup_mk64f12.o
                0x00003164                UART2_RX_TX_IRQHandler
 .text.UART2_ERR_IRQHandler
                0x0000316c        0x8 ./startup/startup_mk64f12.o
                0x0000316c                UART2_ERR_IRQHandler
 .text.UART3_RX_TX_IRQHandler
                0x00003174        0x8 ./startup/startup_mk64f12.o
                0x00003174                UART3_RX_TX_IRQHandler
 .text.UART3_ERR_IRQHandler
                0x0000317c        0x8 ./startup/startup_mk64f12.o
                0x0000317c                UART3_ERR_IRQHandler
 .text.ADC0_IRQHandler
                0x00003184        0x8 ./startup/startup_mk64f12.o
                0x00003184                ADC0_IRQHandler
 .text.CMP0_IRQHandler
                0x0000318c        0x8 ./startup/startup_mk64f12.o
                0x0000318c                CMP0_IRQHandler
 .text.CMP1_IRQHandler
                0x00003194        0x8 ./startup/startup_mk64f12.o
                0x00003194                CMP1_IRQHandler
 .text.FTM0_IRQHandler
                0x0000319c        0x8 ./startup/startup_mk64f12.o
                0x0000319c                FTM0_IRQHandler
 .text.FTM1_IRQHandler
                0x000031a4        0x8 ./startup/startup_mk64f12.o
                0x000031a4                FTM1_IRQHandler
 .text.FTM2_IRQHandler
                0x000031ac        0x8 ./startup/startup_mk64f12.o
                0x000031ac                FTM2_IRQHandler
 .text.CMT_IRQHandler
                0x000031b4        0x8 ./startup/startup_mk64f12.o
                0x000031b4                CMT_IRQHandler
 .text.RTC_IRQHandler
                0x000031bc        0x8 ./startup/startup_mk64f12.o
                0x000031bc                RTC_IRQHandler
 .text.RTC_Seconds_IRQHandler
                0x000031c4        0x8 ./startup/startup_mk64f12.o
                0x000031c4                RTC_Seconds_IRQHandler
 .text.PIT2_IRQHandler
                0x000031cc        0x8 ./startup/startup_mk64f12.o
                0x000031cc                PIT2_IRQHandler
 .text.PIT3_IRQHandler
                0x000031d4        0x8 ./startup/startup_mk64f12.o
                0x000031d4                PIT3_IRQHandler
 .text.PDB0_IRQHandler
                0x000031dc        0x8 ./startup/startup_mk64f12.o
                0x000031dc                PDB0_IRQHandler
 .text.USB0_IRQHandler
                0x000031e4        0x8 ./startup/startup_mk64f12.o
                0x000031e4                USB0_IRQHandler
 .text.USBDCD_IRQHandler
                0x000031ec        0x8 ./startup/startup_mk64f12.o
                0x000031ec                USBDCD_IRQHandler
 .text.Reserved71_IRQHandler
                0x000031f4        0x8 ./startup/startup_mk64f12.o
                0x000031f4                Reserved71_IRQHandler
 .text.DAC0_IRQHandler
                0x000031fc        0x8 ./startup/startup_mk64f12.o
                0x000031fc                DAC0_IRQHandler
 .text.MCG_IRQHandler
                0x00003204        0x8 ./startup/startup_mk64f12.o
                0x00003204                MCG_IRQHandler
 .text.LPTMR0_IRQHandler
                0x0000320c        0x8 ./startup/startup_mk64f12.o
                0x0000320c                LPTMR0_IRQHandler
 .text.PORTB_IRQHandler
                0x00003214        0x8 ./startup/startup_mk64f12.o
                0x00003214                PORTB_IRQHandler
 .text.PORTD_IRQHandler
                0x0000321c        0x8 ./startup/startup_mk64f12.o
                0x0000321c                PORTD_IRQHandler
 .text.PORTE_IRQHandler
                0x00003224        0x8 ./startup/startup_mk64f12.o
                0x00003224                PORTE_IRQHandler
 .text.SWI_IRQHandler
                0x0000322c        0x8 ./startup/startup_mk64f12.o
                0x0000322c                SWI_IRQHandler
 .text.SPI2_IRQHandler
                0x00003234        0x8 ./startup/startup_mk64f12.o
                0x00003234                SPI2_IRQHandler
 .text.UART4_RX_TX_IRQHandler
                0x0000323c        0x8 ./startup/startup_mk64f12.o
                0x0000323c                UART4_RX_TX_IRQHandler
 .text.UART4_ERR_IRQHandler
                0x00003244        0x8 ./startup/startup_mk64f12.o
                0x00003244                UART4_ERR_IRQHandler
 .text.UART5_RX_TX_IRQHandler
                0x0000324c        0x8 ./startup/startup_mk64f12.o
                0x0000324c                UART5_RX_TX_IRQHandler
 .text.UART5_ERR_IRQHandler
                0x00003254        0x8 ./startup/startup_mk64f12.o
                0x00003254                UART5_ERR_IRQHandler
 .text.CMP2_IRQHandler
                0x0000325c        0x8 ./startup/startup_mk64f12.o
                0x0000325c                CMP2_IRQHandler
 .text.FTM3_IRQHandler
                0x00003264        0x8 ./startup/startup_mk64f12.o
                0x00003264                FTM3_IRQHandler
 .text.DAC1_IRQHandler
                0x0000326c        0x8 ./startup/startup_mk64f12.o
                0x0000326c                DAC1_IRQHandler
 .text.ADC1_IRQHandler
                0x00003274        0x8 ./startup/startup_mk64f12.o
                0x00003274                ADC1_IRQHandler
 .text.I2C2_IRQHandler
                0x0000327c        0x8 ./startup/startup_mk64f12.o
                0x0000327c                I2C2_IRQHandler
 .text.CAN0_ORed_Message_buffer_IRQHandler
                0x00003284        0x8 ./startup/startup_mk64f12.o
                0x00003284                CAN0_ORed_Message_buffer_IRQHandler
 .text.CAN0_Bus_Off_IRQHandler
                0x0000328c        0x8 ./startup/startup_mk64f12.o
                0x0000328c                CAN0_Bus_Off_IRQHandler
 .text.CAN0_Error_IRQHandler
                0x00003294        0x8 ./startup/startup_mk64f12.o
                0x00003294                CAN0_Error_IRQHandler
 .text.CAN0_Tx_Warning_IRQHandler
                0x0000329c        0x8 ./startup/startup_mk64f12.o
                0x0000329c                CAN0_Tx_Warning_IRQHandler
 .text.CAN0_Rx_Warning_IRQHandler
                0x000032a4        0x8 ./startup/startup_mk64f12.o
                0x000032a4                CAN0_Rx_Warning_IRQHandler
 .text.CAN0_Wake_Up_IRQHandler
                0x000032ac        0x8 ./startup/startup_mk64f12.o
                0x000032ac                CAN0_Wake_Up_IRQHandler
 .text.SDHC_IRQHandler
                0x000032b4        0x8 ./startup/startup_mk64f12.o
                0x000032b4                SDHC_IRQHandler
 .text.main     0x000032bc       0x32 ./source/main.o
                0x000032bc                main
 .text.HardFault_Handler
                0x000032ee       0x2c ./source/semihost_hardfault.o
                0x000032ee                HardFault_Handler
 .text.CLOCK_EnableClock
                0x0000331a       0x34 ./drivers/fsl_adc16.o
 .text.ADC16_DoAutoCalibration
                0x0000334e      0x132 ./drivers/fsl_adc16.o
                0x0000334e                ADC16_DoAutoCalibration
 .text.ADC16_GetStatusFlags
                0x00003480       0x42 ./drivers/fsl_adc16.o
                0x00003480                ADC16_GetStatusFlags
 .text.CLOCK_EnableClock
                0x000034c2       0x34 ./drivers/fsl_clock.o
 .text.CLOCK_DisableClock
                0x000034f6       0x38 ./drivers/fsl_clock.o
 .text.OSC_SetExtRefClkConfig
                0x0000352e       0x34 ./drivers/fsl_clock.o
 .text.OSC_SetCapLoad
                0x00003562       0x34 ./drivers/fsl_clock.o
 .text.CLOCK_GetPll0RefFreq
                0x00003596        0xe ./drivers/fsl_clock.o
 .text.CLOCK_GetFixedFreqClkFreq
                0x000035a4       0x2e ./drivers/fsl_clock.o
                0x000035a4                CLOCK_GetFixedFreqClkFreq
 .text.CLOCK_EnableClock
                0x000035d2       0x34 ./drivers/fsl_dac.o
 .text.DSPI_IsMaster
                0x00003606       0x22 ./drivers/fsl_dspi.o
 .text.GPIO_PinWrite
                0x00003628       0x3a ./drivers/fsl_gpio.o
 .text.CLOCK_EnableClock
                0x00003662       0x34 ./drivers/fsl_pit.o
 .text.CLOCK_EnableClock
                0x00003696       0x34 ./drivers/fsl_uart.o
 .text.UART0_RX_TX_DriverIRQHandler
                0x000036ca       0x10 ./drivers/fsl_uart.o
                0x000036ca                UART0_RX_TX_DriverIRQHandler
 .text.UART1_RX_TX_DriverIRQHandler
                0x000036da       0x10 ./drivers/fsl_uart.o
                0x000036da                UART1_RX_TX_DriverIRQHandler
 .text.UART2_RX_TX_DriverIRQHandler
                0x000036ea       0x10 ./drivers/fsl_uart.o
                0x000036ea                UART2_RX_TX_DriverIRQHandler
 .text.UART3_RX_TX_DriverIRQHandler
                0x000036fa       0x10 ./drivers/fsl_uart.o
                0x000036fa                UART3_RX_TX_DriverIRQHandler
 .text.UART4_RX_TX_DriverIRQHandler
                0x0000370a       0x10 ./drivers/fsl_uart.o
                0x0000370a                UART4_RX_TX_DriverIRQHandler
 .text.UART5_RX_TX_DriverIRQHandler
                0x0000371a       0x10 ./drivers/fsl_uart.o
                0x0000371a                UART5_RX_TX_DriverIRQHandler
 .text.SystemInitHook
                0x0000372a        0xe ./device/system_MK64F12.o
                0x0000372a                SystemInitHook
 .text.HAL_UartGetStatus
                0x00003738       0x22 ./component/uart/uart_adapter.o
 .text.BOARD_InitDebugConsole
                0x0000375a       0x22 ./board/boards/board.o
                0x0000375a                BOARD_InitDebugConsole
 .text.BOARD_InitBootClocks
                0x0000377c        0xc ./board/boards/clock_config.o
                0x0000377c                BOARD_InitBootClocks
 .text.BOARD_InitPeripherals
                0x00003788        0xe ./board/boards/peripherals.o
                0x00003788                BOARD_InitPeripherals
 .text.BOARD_InitBootPeripherals
                0x00003796        0xc ./board/boards/peripherals.o
                0x00003796                BOARD_InitBootPeripherals
 .text.CLOCK_EnableClock
                0x000037a2       0x34 ./board/boards/pin_mux.o
 .text.PORT_SetPinMux
                0x000037d6       0x3a ./board/boards/pin_mux.o
 .text.BOARD_InitBootPins
                0x00003810       0x10 ./board/boards/pin_mux.o
                0x00003810                BOARD_InitBootPins
 .text.ADC16_EnableHardwareTrigger
                0x00003820       0x38 ./Application/app_ADC.o
 .text.DAC_Enable
                0x00003858       0x48 ./Application/app_DAC.o
 .text.CLOCK_EnableClock
                0x000038a0       0x34 ./Application/app_GPIO.o
 .text.EnableIRQ
                0x000038d4       0x2c ./Application/app_GPIO.o
 .text.GPIO_PortSet
                0x00003900       0x1c ./Application/app_GPIO.o
 .text.GPIO_PortClear
                0x0000391c       0x1c ./Application/app_GPIO.o
 .text.PORT_SetPinInterruptConfig
                0x00003938       0x3a ./Application/app_GPIO.o
 .text.PIT_StartTimer
                0x00003972       0x38 ./Application/app_GPIO.o
 .text.PIT_StopTimer
                0x000039aa       0x38 ./Application/app_GPIO.o
 .text.EnableIRQ
                0x000039e2       0x2c ./Application/app_PIT.o
 .text.PIT_EnableInterrupts
                0x00003a0e       0x3a ./Application/app_PIT.o
 .text.PIT_ClearStatusFlags
                0x00003a48       0x2a ./Application/app_PIT.o
 .text.PIT_SetTimerPeriod
                0x00003a72       0x28 ./Application/app_PIT.o
 .text.GPIO_PortSet
                0x00003a9a       0x1c ./Application/app_buffer.o
 .text.PIT_StopTimer
                0x00003ab6       0x38 ./Application/app_buffer.o
 .text.__main   0x00003aee        0xe c:/nxp/mcuxpressoide_11.0.1_2563/ide/plugins/com.nxp.mcuxpresso.tools.win32_11.0.1.201907311258/tools/bin/../lib/gcc/arm-none-eabi/8.2.1/../../../../arm-none-eabi/lib/thumb/v7e-m+fp/hard\libcr_semihost_nf.a(_cr__main.o)
                0x00003aee                __CR_SEMIHOST
                0x00003aee                __main
 .text.memset   0x00003afc        0x4 c:/nxp/mcuxpressoide_11.0.1_2563/ide/plugins/com.nxp.mcuxpresso.tools.win32_11.0.1.201907311258/tools/bin/../lib/gcc/arm-none-eabi/8.2.1/../../../../arm-none-eabi/lib/thumb/v7e-m+fp/hard\libcr_c.a(memset.o)
                0x00003afc                memset
 .text._deferredlazyseek
                0x00003b00       0x40 c:/nxp/mcuxpressoide_11.0.1_2563/ide/plugins/com.nxp.mcuxpresso.tools.win32_11.0.1.201907311258/tools/bin/../lib/gcc/arm-none-eabi/8.2.1/../../../../arm-none-eabi/lib/thumb/v7e-m+fp/hard\libcr_c.a(_deferredlazyseek.o)
                0x00003b00                _deferredlazyseek
 .text.__flsbuf
                0x00003b40      0x140 c:/nxp/mcuxpressoide_11.0.1_2563/ide/plugins/com.nxp.mcuxpresso.tools.win32_11.0.1.201907311258/tools/bin/../lib/gcc/arm-none-eabi/8.2.1/../../../../arm-none-eabi/lib/thumb/v7e-m+fp/hard\libcr_c.a(_deferredlazyseek.o)
                0x00003b40                __flsbuf
 .text._fflush  0x00003c80       0x52 c:/nxp/mcuxpressoide_11.0.1_2563/ide/plugins/com.nxp.mcuxpresso.tools.win32_11.0.1.201907311258/tools/bin/../lib/gcc/arm-none-eabi/8.2.1/../../../../arm-none-eabi/lib/thumb/v7e-m+fp/hard\libcr_c.a(_fflush.o)
                0x00003c80                _fflush
 .text.free     0x00003cd2       0x30 c:/nxp/mcuxpressoide_11.0.1_2563/ide/plugins/com.nxp.mcuxpresso.tools.win32_11.0.1.201907311258/tools/bin/../lib/gcc/arm-none-eabi/8.2.1/../../../../arm-none-eabi/lib/thumb/v7e-m+fp/hard\libcr_c.a(alloc.o)
                0x00003cd2                free
 .text.fputs    0x00003d02       0x2c c:/nxp/mcuxpressoide_11.0.1_2563/ide/plugins/com.nxp.mcuxpresso.tools.win32_11.0.1.201907311258/tools/bin/../lib/gcc/arm-none-eabi/8.2.1/../../../../arm-none-eabi/lib/thumb/v7e-m+fp/hard\libcr_c.a(fputs.o)
                0x00003d02                fputs
 .text.strlen   0x00003d2e       0x4c c:/nxp/mcuxpressoide_11.0.1_2563/ide/plugins/com.nxp.mcuxpresso.tools.win32_11.0.1.201907311258/tools/bin/../lib/gcc/arm-none-eabi/8.2.1/../../../../arm-none-eabi/lib/thumb/v7e-m+fp/hard\libcr_c.a(strlen.o)
                0x00003d2e                strlen
 .text._fdopen  0x00003d7a       0x68 c:/nxp/mcuxpressoide_11.0.1_2563/ide/plugins/com.nxp.mcuxpresso.tools.win32_11.0.1.201907311258/tools/bin/../lib/gcc/arm-none-eabi/8.2.1/../../../../arm-none-eabi/lib/thumb/v7e-m+fp/hard\libcr_c.a(_fdopen.o)
                0x00003d7a                _fdopen
 .text.fclose   0x00003de2       0x58 c:/nxp/mcuxpressoide_11.0.1_2563/ide/plugins/com.nxp.mcuxpresso.tools.win32_11.0.1.201907311258/tools/bin/../lib/gcc/arm-none-eabi/8.2.1/../../../../arm-none-eabi/lib/thumb/v7e-m+fp/hard\libcr_c.a(fclose.o)
                0x00003de2                fclose
 .text.remove   0x00003e3a       0x14 c:/nxp/mcuxpressoide_11.0.1_2563/ide/plugins/com.nxp.mcuxpresso.tools.win32_11.0.1.201907311258/tools/bin/../lib/gcc/arm-none-eabi/8.2.1/../../../../arm-none-eabi/lib/thumb/v7e-m+fp/hard\libcr_c.a(remove.o)
                0x00003e3a                remove
 .text._do_fflush
                0x00003e4e       0x40 c:/nxp/mcuxpressoide_11.0.1_2563/ide/plugins/com.nxp.mcuxpresso.tools.win32_11.0.1.201907311258/tools/bin/../lib/gcc/arm-none-eabi/8.2.1/../../../../arm-none-eabi/lib/thumb/v7e-m+fp/hard\libcr_c.a(_do_fflush.o)
                0x00003e4e                _do_fflush
 .text.__aeabi_division_uldivmod
                0x00003e8e      0x174 c:/nxp/mcuxpressoide_11.0.1_2563/ide/plugins/com.nxp.mcuxpresso.tools.win32_11.0.1.201907311258/tools/bin/../lib/gcc/arm-none-eabi/8.2.1/thumb/v7e-m+fp/hard\libcr_eabihelpers.a(division_64.o)
                0x00003e8e                __aeabi_uldivmod
                0x00003e92                __bhs_ldivmod1
 .text.__aeabi_division_idiv0
                0x00004002        0x2 c:/nxp/mcuxpressoide_11.0.1_2563/ide/plugins/com.nxp.mcuxpresso.tools.win32_11.0.1.201907311258/tools/bin/../lib/gcc/arm-none-eabi/8.2.1/thumb/v7e-m+fp/hard\libcr_eabihelpers.a(division_idiv0.o)
                0x00004002                __aeabi_idiv0
 .text.__aeabi_memset_lowlevel
                0x00004004       0x32 c:/nxp/mcuxpressoide_11.0.1_2563/ide/plugins/com.nxp.mcuxpresso.tools.win32_11.0.1.201907311258/tools/bin/../lib/gcc/arm-none-eabi/8.2.1/thumb/v7e-m+fp/hard\libcr_eabihelpers.a(memcpy.o)
                0x00004004                __aeabi_lowlevel_memset
 .text.__sys_close
                0x00004036        0xc c:/nxp/mcuxpressoide_11.0.1_2563/ide/plugins/com.nxp.mcuxpresso.tools.win32_11.0.1.201907311258/tools/bin/../lib/gcc/arm-none-eabi/8.2.1/../../../../arm-none-eabi/lib/thumb/v7e-m+fp/hard\libcr_semihost_nf.a(__sys_close.o)
                0x00004036                __sys_close
 .text.__sys_flen
                0x00004042        0xc c:/nxp/mcuxpressoide_11.0.1_2563/ide/plugins/com.nxp.mcuxpresso.tools.win32_11.0.1.201907311258/tools/bin/../lib/gcc/arm-none-eabi/8.2.1/../../../../arm-none-eabi/lib/thumb/v7e-m+fp/hard\libcr_semihost_nf.a(__sys_flen.o)
                0x00004042                __sys_flen
 .text.__sys_istty
                0x0000404e        0xc c:/nxp/mcuxpressoide_11.0.1_2563/ide/plugins/com.nxp.mcuxpresso.tools.win32_11.0.1.201907311258/tools/bin/../lib/gcc/arm-none-eabi/8.2.1/../../../../arm-none-eabi/lib/thumb/v7e-m+fp/hard\libcr_semihost_nf.a(__sys_istty.o)
                0x0000404e                __sys_istty
 .text.__sys_remove
                0x0000405a        0xc c:/nxp/mcuxpressoide_11.0.1_2563/ide/plugins/com.nxp.mcuxpresso.tools.win32_11.0.1.201907311258/tools/bin/../lib/gcc/arm-none-eabi/8.2.1/../../../../arm-none-eabi/lib/thumb/v7e-m+fp/hard\libcr_semihost_nf.a(__sys_remove.o)
                0x0000405a                __sys_remove
 .text.__sys_seek
                0x00004066        0xc c:/nxp/mcuxpressoide_11.0.1_2563/ide/plugins/com.nxp.mcuxpresso.tools.win32_11.0.1.201907311258/tools/bin/../lib/gcc/arm-none-eabi/8.2.1/../../../../arm-none-eabi/lib/thumb/v7e-m+fp/hard\libcr_semihost_nf.a(__sys_seek.o)
                0x00004066                __sys_seek
 .text.__sys_tmpnam
                0x00004072        0xc c:/nxp/mcuxpressoide_11.0.1_2563/ide/plugins/com.nxp.mcuxpresso.tools.win32_11.0.1.201907311258/tools/bin/../lib/gcc/arm-none-eabi/8.2.1/../../../../arm-none-eabi/lib/thumb/v7e-m+fp/hard\libcr_semihost_nf.a(__sys_tmpnam.o)
                0x00004072                __sys_tmpnam
 .text.__sys_write
                0x0000407e        0xc c:/nxp/mcuxpressoide_11.0.1_2563/ide/plugins/com.nxp.mcuxpresso.tools.win32_11.0.1.201907311258/tools/bin/../lib/gcc/arm-none-eabi/8.2.1/../../../../arm-none-eabi/lib/thumb/v7e-m+fp/hard\libcr_semihost_nf.a(__sys_write.o)
                0x0000407e                __sys_write
 *(SORT_BY_ALIGNMENT(.rodata) SORT_BY_ALIGNMENT(.rodata.*) SORT_BY_ALIGNMENT(.constdata) SORT_BY_ALIGNMENT(.constdata.*))
 *fill*         0x0000408a        0x2 ff
 .rodata        0x0000408c      0x21f ./utilities/fsl_debug_console.o
 *fill*         0x000042ab        0x1 ff
 .rodata.s_adc16Bases
                0x000042ac        0x8 ./drivers/fsl_adc16.o
 .rodata.s_adc16Clocks
                0x000042b4        0x8 ./drivers/fsl_adc16.o
 .rodata        0x000042bc      0x15e ./drivers/fsl_adc16.o
 *fill*         0x0000441a        0x2 ff
 .rodata        0x0000441c      0x1df ./drivers/fsl_clock.o
 *fill*         0x000045fb        0x1 ff
 .rodata.fllFactorTable.7853
                0x000045fc       0x10 ./drivers/fsl_clock.o
 .rodata.s_dacBases
                0x0000460c        0x8 ./drivers/fsl_dac.o
 .rodata.s_dacClocks
                0x00004614        0x8 ./drivers/fsl_dac.o
 .rodata        0x0000461c      0x152 ./drivers/fsl_dac.o
 *fill*         0x0000476e        0x2 ff
 .rodata        0x00004770      0x625 ./drivers/fsl_dspi.o
 *fill*         0x00004d95        0x3 ff
 .rodata        0x00004d98      0xd8c ./drivers/fsl_edma.o
 .rodata        0x00005b24      0xcbf ./drivers/fsl_flexcan.o
 *fill*         0x000067e3        0x1 ff
 .rodata.s_portBases
                0x000067e4       0x14 ./drivers/fsl_gpio.o
 .rodata.s_gpioBases
                0x000067f8       0x14 ./drivers/fsl_gpio.o
 .rodata        0x0000680c       0x6b ./drivers/fsl_gpio.o
 *fill*         0x00006877        0x1 ff
 .rodata        0x00006878       0x65 ./drivers/fsl_pit.o
 *fill*         0x000068dd        0x3 ff
 .rodata        0x000068e0      0xbb6 ./drivers/fsl_sai.o
 *fill*         0x00007496        0x2 ff
 .rodata        0x00007498      0x5a5 ./drivers/fsl_sdhc.o
 *fill*         0x00007a3d        0x3 ff
 .rodata.s_uartBases
                0x00007a40       0x18 ./drivers/fsl_uart.o
 .rodata.s_uartClock
                0x00007a58       0x18 ./drivers/fsl_uart.o
 .rodata        0x00007a70      0x514 ./drivers/fsl_uart.o
 .rodata.s_UartAdapterBase
                0x00007f84       0x18 ./component/uart/uart_adapter.o
 .rodata        0x00007f9c      0x25e ./component/uart/uart_adapter.o
 *fill*         0x000081fa        0x2 ff
 .rodata        0x000081fc      0x525 ./component/serial_manager/serial_manager.o
 *fill*         0x00008721        0x3 ff
 .rodata        0x00008724      0x244 ./component/serial_manager/serial_port_uart.o
 .rodata.mcgConfig_BOARD_BootClockRUN
                0x00008968        0xb ./board/boards/clock_config.o
                0x00008968                mcgConfig_BOARD_BootClockRUN
 *fill*         0x00008973        0x1 ff
 .rodata.simConfig_BOARD_BootClockRUN
                0x00008974        0x8 ./board/boards/clock_config.o
                0x00008974                simConfig_BOARD_BootClockRUN
 .rodata.oscConfig_BOARD_BootClockRUN
                0x0000897c        0x8 ./board/boards/clock_config.o
                0x0000897c                oscConfig_BOARD_BootClockRUN
 .rodata        0x00008984       0x26 ./board/boards/pin_mux.o
 *fill*         0x000089aa        0x2 ff
 .rodata        0x000089ac       0x61 ./Application/app_ADC.o
 *fill*         0x00008a0d        0x3 ff
 .rodata        0x00008a10       0x23 ./Application/app_GPIO.o
 *fill*         0x00008a33        0x1 ff
 .rodata        0x00008a34       0x2a ./Application/app_PIT.o
 *fill*         0x00008a5e        0x2 ff
 .rodata.__num_Ciob_streams
                0x00008a60        0x4 c:/nxp/mcuxpressoide_11.0.1_2563/ide/plugins/com.nxp.mcuxpresso.tools.win32_11.0.1.201907311258/tools/bin/../lib/gcc/arm-none-eabi/8.2.1/../../../../arm-none-eabi/lib/thumb/v7e-m+fp/hard\libcr_semihost_nf.a(__ciob.o)
                0x00008a60                __num_Ciob_streams
 .rodata.__assertion_failed.str1.1
                0x00008a64       0x15 c:/nxp/mcuxpressoide_11.0.1_2563/ide/plugins/com.nxp.mcuxpresso.tools.win32_11.0.1.201907311258/tools/bin/../lib/gcc/arm-none-eabi/8.2.1/../../../../arm-none-eabi/lib/thumb/v7e-m+fp/hard\libcr_semihost_nf.a(_cr_assert.o)
 .rodata._Csys_alloc.str1.1
                0x00008a79       0x18 c:/nxp/mcuxpressoide_11.0.1_2563/ide/plugins/com.nxp.mcuxpresso.tools.win32_11.0.1.201907311258/tools/bin/../lib/gcc/arm-none-eabi/8.2.1/../../../../arm-none-eabi/lib/thumb/v7e-m+fp/hard\libcr_c.a(alloc.o)
 .rodata._initio.str1.1
                0x00008a91        0x4 c:/nxp/mcuxpressoide_11.0.1_2563/ide/plugins/com.nxp.mcuxpresso.tools.win32_11.0.1.201907311258/tools/bin/../lib/gcc/arm-none-eabi/8.2.1/../../../../arm-none-eabi/lib/thumb/v7e-m+fp/hard\libcr_c.a(initio.o)
                0x00008a98                . = ALIGN (0x8)
 *fill*         0x00008a95        0x3 ff

.glue_7         0x00008a98        0x0
 .glue_7        0x00008a98        0x0 linker stubs

.glue_7t        0x00008a98        0x0
 .glue_7t       0x00008a98        0x0 linker stubs

.vfp11_veneer   0x00008a98        0x0
 .vfp11_veneer  0x00008a98        0x0 linker stubs

.v4_bx          0x00008a98        0x0
 .v4_bx         0x00008a98        0x0 linker stubs

.iplt           0x00008a98        0x0
 .iplt          0x00008a98        0x0 ./utilities/fsl_debug_console.o

.rel.dyn        0x00008a98        0x0
 .rel.iplt      0x00008a98        0x0 ./utilities/fsl_debug_console.o

.ARM.extab
 *(SORT_BY_ALIGNMENT(.ARM.extab*) SORT_BY_ALIGNMENT(.gnu.linkonce.armextab.*))
                0x00008a98                __exidx_start = .

.ARM.exidx
 *(SORT_BY_ALIGNMENT(.ARM.exidx*) SORT_BY_ALIGNMENT(.gnu.linkonce.armexidx.*))
                0x00008a98                __exidx_end = .
                0x00008a98                _etext = .

.m_usb_data
 *(SORT_BY_ALIGNMENT(m_usb_bdt))

.data_RAM2      0x1fff0000        0x0 load address 0x00008a98
 FILL mask 0xff
                [!provide]                PROVIDE (__start_data_RAM2 = .)
 *(SORT_BY_ALIGNMENT(.ramfunc.$RAM2))
 *(SORT_BY_ALIGNMENT(.ramfunc.$SRAM_LOWER))
 *(SORT_BY_ALIGNMENT(.data.$RAM2))
 *(SORT_BY_ALIGNMENT(.data.$SRAM_LOWER))
 *(SORT_BY_ALIGNMENT(.data.$RAM2.*))
 *(SORT_BY_ALIGNMENT(.data.$SRAM_LOWER.*))
                0x1fff0000                . = ALIGN (0x8)
                [!provide]                PROVIDE (__end_data_RAM2 = .)

.data_RAM3      0x14000000        0x0 load address 0x00008a98
 FILL mask 0xff
                [!provide]                PROVIDE (__start_data_RAM3 = .)
 *(SORT_BY_ALIGNMENT(.ramfunc.$RAM3))
 *(SORT_BY_ALIGNMENT(.ramfunc.$FLEX_RAM))
 *(SORT_BY_ALIGNMENT(.data.$RAM3))
 *(SORT_BY_ALIGNMENT(.data.$FLEX_RAM))
 *(SORT_BY_ALIGNMENT(.data.$RAM3.*))
 *(SORT_BY_ALIGNMENT(.data.$FLEX_RAM.*))
                0x14000000                . = ALIGN (0x8)
                [!provide]                PROVIDE (__end_data_RAM3 = .)

.uninit_RESERVED
                0x20000000        0x0
                0x20000000                . = ALIGN (0x8)
 *(SORT_BY_ALIGNMENT(.bss.$RESERVED*))
                0x20000000                . = ALIGN (0x8)
                0x20000000                _end_uninit_RESERVED = .

.data           0x20000000       0x10 load address 0x00008a98
 FILL mask 0xff
                0x20000000                _data = .
 *(SORT_BY_ALIGNMENT(vtable))
 *(SORT_BY_ALIGNMENT(.ramfunc*))
 *(SORT_BY_ALIGNMENT(CodeQuickAccess))
 *(SORT_BY_ALIGNMENT(DataQuickAccess))
 *(SORT_BY_ALIGNMENT(RamFunction))
 *(SORT_BY_ALIGNMENT(.data*))
 .data.s_slowIrcFreq
                0x20000000        0x4 ./drivers/fsl_clock.o
 .data.s_fastIrcFreq
                0x20000004        0x4 ./drivers/fsl_clock.o
 .data.SystemCoreClock
                0x20000008        0x4 ./device/system_MK64F12.o
                0x20000008                SystemCoreClock
                0x20000010                . = ALIGN (0x8)
 *fill*         0x2000000c        0x4 ff
                0x20000010                _edata = .

.igot.plt       0x20000010        0x0 load address 0x00008aa8
 .igot.plt      0x20000010        0x0 ./utilities/fsl_debug_console.o

.bss_RAM2       0x1fff0000        0x0
                0x1fff0000                . = ALIGN (0x8)
                [!provide]                PROVIDE (__start_bss_RAM2 = .)
 *(SORT_BY_ALIGNMENT(.bss.$RAM2))
 *(SORT_BY_ALIGNMENT(.bss.$SRAM_LOWER))
 *(SORT_BY_ALIGNMENT(.bss.$RAM2.*))
 *(SORT_BY_ALIGNMENT(.bss.$SRAM_LOWER.*))
                0x1fff0000                . = ALIGN ((. != 0x0)?0x8:0x1)
                [!provide]                PROVIDE (__end_bss_RAM2 = .)

.bss_RAM3       0x14000000        0x0
                0x14000000                . = ALIGN (0x8)
                [!provide]                PROVIDE (__start_bss_RAM3 = .)
 *(SORT_BY_ALIGNMENT(.bss.$RAM3))
 *(SORT_BY_ALIGNMENT(.bss.$FLEX_RAM))
 *(SORT_BY_ALIGNMENT(.bss.$RAM3.*))
 *(SORT_BY_ALIGNMENT(.bss.$FLEX_RAM.*))
                0x14000000                . = ALIGN ((. != 0x0)?0x8:0x1)
                [!provide]                PROVIDE (__end_bss_RAM3 = .)

.bss            0x20000010    0x18850
                0x20000010                . = ALIGN (0x8)
                0x20000010                _bss = .
 *(SORT_BY_ALIGNMENT(.bss*))
 .bss.s_debugConsoleState
                0x20000010       0x1c ./utilities/fsl_debug_console.o
 .bss.g_serialHandle
                0x2000002c        0x4 ./utilities/fsl_debug_console.o
                0x2000002c                g_serialHandle
 .bss.g_xtal0Freq
                0x20000030        0x4 ./drivers/fsl_clock.o
                0x20000030                g_xtal0Freq
 .bss.g_xtal32Freq
                0x20000034        0x4 ./drivers/fsl_clock.o
                0x20000034                g_xtal32Freq
 .bss.g_dspiHandle
                0x20000038        0xc ./drivers/fsl_dspi.o
 .bss.s_dspiMasterIsr
                0x20000044        0x4 ./drivers/fsl_dspi.o
 .bss.s_dspiSlaveIsr
                0x20000048        0x4 ./drivers/fsl_dspi.o
 .bss.s_EDMAHandle
                0x2000004c       0x40 ./drivers/fsl_edma.o
 .bss.s_ENETHandle
                0x2000008c        0x4 ./drivers/fsl_enet.o
 .bss.s_enetTxIsr
                0x20000090        0x4 ./drivers/fsl_enet.o
 .bss.s_enetRxIsr
                0x20000094        0x4 ./drivers/fsl_enet.o
 .bss.s_enetErrIsr
                0x20000098        0x4 ./drivers/fsl_enet.o
 .bss.s_enetTsIsr
                0x2000009c        0x4 ./drivers/fsl_enet.o
 .bss.s_flexcanHandle
                0x200000a0        0x4 ./drivers/fsl_flexcan.o
 .bss.s_flexcanIsr
                0x200000a4        0x4 ./drivers/fsl_flexcan.o
 .bss.s_i2cHandle
                0x200000a8        0xc ./drivers/fsl_i2c.o
 .bss.s_i2cMasterIsr
                0x200000b4        0x4 ./drivers/fsl_i2c.o
 .bss.s_i2cSlaveIsr
                0x200000b8        0x4 ./drivers/fsl_i2c.o
 .bss.s_saiHandle
                0x200000bc        0x8 ./drivers/fsl_sai.o
 .bss.s_saiTxIsr
                0x200000c4        0x4 ./drivers/fsl_sai.o
 .bss.s_saiRxIsr
                0x200000c8        0x4 ./drivers/fsl_sai.o
 .bss.s_sdhcHandle
                0x200000cc        0x4 ./drivers/fsl_sdhc.o
 .bss.s_sdhcIsr
                0x200000d0        0x4 ./drivers/fsl_sdhc.o
 .bss.s_uartHandle
                0x200000d4       0x18 ./drivers/fsl_uart.o
 .bss.s_uartIsr
                0x200000ec        0x4 ./drivers/fsl_uart.o
 .bss.is_pressed
                0x200000f0        0x4 ./Application/app_GPIO.o
 .bss.buffer    0x200000f4    0x186a0 ./Application/app_buffer.o
 .bss.counter_in
                0x20018794        0x4 ./Application/app_buffer.o
 .bss.counter_out
                0x20018798        0x4 ./Application/app_buffer.o
 .bss.__Ciob    0x2001879c       0xb4 c:/nxp/mcuxpressoide_11.0.1_2563/ide/plugins/com.nxp.mcuxpresso.tools.win32_11.0.1.201907311258/tools/bin/../lib/gcc/arm-none-eabi/8.2.1/../../../../arm-none-eabi/lib/thumb/v7e-m+fp/hard\libcr_semihost_nf.a(__ciob.o)
                0x2001879c                __Ciob
 .bss.__end_of_heap
                0x20018850        0x4 c:/nxp/mcuxpressoide_11.0.1_2563/ide/plugins/com.nxp.mcuxpresso.tools.win32_11.0.1.201907311258/tools/bin/../lib/gcc/arm-none-eabi/8.2.1/../../../../arm-none-eabi/lib/thumb/v7e-m+fp/hard\libcr_c.a(__init_alloc.o)
                0x20018850                __end_of_heap
 .bss.__heaps   0x20018854        0x4 c:/nxp/mcuxpressoide_11.0.1_2563/ide/plugins/com.nxp.mcuxpresso.tools.win32_11.0.1.201907311258/tools/bin/../lib/gcc/arm-none-eabi/8.2.1/../../../../arm-none-eabi/lib/thumb/v7e-m+fp/hard\libcr_c.a(__init_alloc.o)
                0x20018854                __heaps
 .bss.errno     0x20018858        0x4 c:/nxp/mcuxpressoide_11.0.1_2563/ide/plugins/com.nxp.mcuxpresso.tools.win32_11.0.1.201907311258/tools/bin/../lib/gcc/arm-none-eabi/8.2.1/../../../../arm-none-eabi/lib/thumb/v7e-m+fp/hard\libcr_c.a(errno.o)
                0x20018858                errno
 .bss.ruw_ADCValue
                0x2001885c        0x2 ./Application/app_ADC.o
 .bss.rub_ConversionInProgressFlag
                0x2001885e        0x1 ./Application/app_ADC.o
 *(SORT_BY_ALIGNMENT(COMMON))
                0x20018860                . = ALIGN (0x8)
 *fill*         0x2001885f        0x1 
                0x20018860                _ebss = .
                [!provide]                PROVIDE (end = .)

.noinit_RAM2    0x1fff0000        0x0
                0x1fff0000                . = ALIGN (0x8)
 *(SORT_BY_ALIGNMENT(.noinit.$RAM2))
 *(SORT_BY_ALIGNMENT(.noinit.$SRAM_LOWER))
 *(SORT_BY_ALIGNMENT(.noinit.$RAM2.*))
 *(SORT_BY_ALIGNMENT(.noinit.$SRAM_LOWER.*))
                0x1fff0000                . = ALIGN (0x8)

.noinit_RAM3    0x14000000        0x0
                0x14000000                . = ALIGN (0x8)
 *(SORT_BY_ALIGNMENT(.noinit.$RAM3))
 *(SORT_BY_ALIGNMENT(.noinit.$FLEX_RAM))
 *(SORT_BY_ALIGNMENT(.noinit.$RAM3.*))
 *(SORT_BY_ALIGNMENT(.noinit.$FLEX_RAM.*))
                0x14000000                . = ALIGN (0x8)

.noinit         0x20018860        0x0
                0x20018860                . = ALIGN (0x8)
                0x20018860                _noinit = .
 *(SORT_BY_ALIGNMENT(.noinit*))
                0x20018860                . = ALIGN (0x8)
                0x20018860                _end_noinit = .
                0x00001000                _HeapSize = 0x1000

.heap           0x20018860     0x1000
                0x20018860                _pvHeapStart = .
                0x20019860                . = (. + _HeapSize)
 *fill*         0x20018860     0x1000 
                0x20019860                . = ALIGN (0x8)
                0x20019860                _pvHeapLimit = .
                0x00001000                _StackSize = 0x1000

.heap2stackfill
                0x20019860     0x1000
                0x2001a860                . = (. + _StackSize)
 *fill*         0x20019860     0x1000 

.stack          0x2002f000        0x0
                0x2002f000                _vStackBase = .
                0x2002f000                . = ALIGN (0x8)
                0x20030000                _vStackTop = (. + _StackSize)
                0x00000000                _image_start = LOADADDR (.text)
                0x00008aa8                _image_end = (LOADADDR (.data) + SIZEOF (.data))
                0x00008aa8                _image_size = (_image_end - _image_start)
OUTPUT(test_rama.axf elf32-littlearm)

.debug_info     0x00000000    0x1ebd2
 .debug_info    0x00000000      0x92c ./utilities/fsl_debug_console.o
 .debug_info    0x0000092c      0x92e ./startup/startup_mk64f12.o
 .debug_info    0x0000125a      0x5a1 ./source/main.o
 .debug_info    0x000017fb       0x3c ./source/semihost_hardfault.o
 .debug_info    0x00001837      0xe67 ./drivers/fsl_adc16.o
 .debug_info    0x0000269e     0x22c4 ./drivers/fsl_clock.o
 .debug_info    0x00004962      0xac1 ./drivers/fsl_dac.o
 .debug_info    0x00005423     0x2593 ./drivers/fsl_dspi.o
 .debug_info    0x000079b6     0x2206 ./drivers/fsl_edma.o
 .debug_info    0x00009bbc     0x2602 ./drivers/fsl_enet.o
 .debug_info    0x0000c1be     0x2170 ./drivers/fsl_flexcan.o
 .debug_info    0x0000e32e      0x6d4 ./drivers/fsl_gpio.o
 .debug_info    0x0000ea02     0x1ede ./drivers/fsl_i2c.o
 .debug_info    0x000108e0      0x785 ./drivers/fsl_pit.o
 .debug_info    0x00011065     0x2e68 ./drivers/fsl_sai.o
 .debug_info    0x00013ecd     0x2332 ./drivers/fsl_sdhc.o
 .debug_info    0x000161ff     0x1ba2 ./drivers/fsl_uart.o
 .debug_info    0x00017da1      0x690 ./device/system_MK64F12.o
 .debug_info    0x00018431      0xa12 ./component/uart/uart_adapter.o
 .debug_info    0x00018e43      0x765 ./component/serial_manager/serial_manager.o
 .debug_info    0x000195a8      0x4fc ./component/serial_manager/serial_port_uart.o
 .debug_info    0x00019aa4      0x5ca ./board/boards/board.o
 .debug_info    0x0001a06e      0xcd0 ./board/boards/clock_config.o
 .debug_info    0x0001ad3e       0x4e ./board/boards/peripherals.o
 .debug_info    0x0001ad8c      0xcad ./board/boards/pin_mux.o
 .debug_info    0x0001ba39      0x89f ./Application/app_ADC.o
 .debug_info    0x0001c2d8      0x296 ./Application/app_DAC.o
 .debug_info    0x0001c56e     0x14f7 ./Application/app_GPIO.o
 .debug_info    0x0001da65      0x85a ./Application/app_PIT.o
 .debug_info    0x0001e2bf      0x913 ./Application/app_buffer.o

.debug_abbrev   0x00000000     0x41f2
 .debug_abbrev  0x00000000      0x19a ./utilities/fsl_debug_console.o
 .debug_abbrev  0x0000019a      0x17a ./startup/startup_mk64f12.o
 .debug_abbrev  0x00000314      0x14d ./source/main.o
 .debug_abbrev  0x00000461       0x31 ./source/semihost_hardfault.o
 .debug_abbrev  0x00000492      0x286 ./drivers/fsl_adc16.o
 .debug_abbrev  0x00000718      0x349 ./drivers/fsl_clock.o
 .debug_abbrev  0x00000a61      0x253 ./drivers/fsl_dac.o
 .debug_abbrev  0x00000cb4      0x38a ./drivers/fsl_dspi.o
 .debug_abbrev  0x0000103e      0x3ea ./drivers/fsl_edma.o
 .debug_abbrev  0x00001428      0x2ba ./drivers/fsl_enet.o
 .debug_abbrev  0x000016e2      0x2f9 ./drivers/fsl_flexcan.o
 .debug_abbrev  0x000019db      0x1b8 ./drivers/fsl_gpio.o
 .debug_abbrev  0x00001b93      0x382 ./drivers/fsl_i2c.o
 .debug_abbrev  0x00001f15      0x21d ./drivers/fsl_pit.o
 .debug_abbrev  0x00002132      0x321 ./drivers/fsl_sai.o
 .debug_abbrev  0x00002453      0x305 ./drivers/fsl_sdhc.o
 .debug_abbrev  0x00002758      0x345 ./drivers/fsl_uart.o
 .debug_abbrev  0x00002a9d      0x170 ./device/system_MK64F12.o
 .debug_abbrev  0x00002c0d      0x1e8 ./component/uart/uart_adapter.o
 .debug_abbrev  0x00002df5      0x17d ./component/serial_manager/serial_manager.o
 .debug_abbrev  0x00002f72      0x160 ./component/serial_manager/serial_port_uart.o
 .debug_abbrev  0x000030d2      0x160 ./board/boards/board.o
 .debug_abbrev  0x00003232      0x252 ./board/boards/clock_config.o
 .debug_abbrev  0x00003484       0x4b ./board/boards/peripherals.o
 .debug_abbrev  0x000034cf      0x2d5 ./board/boards/pin_mux.o
 .debug_abbrev  0x000037a4      0x1f5 ./Application/app_ADC.o
 .debug_abbrev  0x00003999      0x168 ./Application/app_DAC.o
 .debug_abbrev  0x00003b01      0x2cc ./Application/app_GPIO.o
 .debug_abbrev  0x00003dcd      0x240 ./Application/app_PIT.o
 .debug_abbrev  0x0000400d      0x1e5 ./Application/app_buffer.o

.debug_aranges  0x00000000     0x18f8
 .debug_aranges
                0x00000000       0x50 ./utilities/fsl_debug_console.o
 .debug_aranges
                0x00000050      0x330 ./startup/startup_mk64f12.o
 .debug_aranges
                0x00000380       0x20 ./source/main.o
 .debug_aranges
                0x000003a0       0x20 ./source/semihost_hardfault.o
 .debug_aranges
                0x000003c0       0x88 ./drivers/fsl_adc16.o
 .debug_aranges
                0x00000448      0x1f0 ./drivers/fsl_clock.o
 .debug_aranges
                0x00000638       0x90 ./drivers/fsl_dac.o
 .debug_aranges
                0x000006c8      0x1d8 ./drivers/fsl_dspi.o
 .debug_aranges
                0x000008a0      0x1d8 ./drivers/fsl_edma.o
 .debug_aranges
                0x00000a78      0x158 ./drivers/fsl_enet.o
 .debug_aranges
                0x00000bd0      0x188 ./drivers/fsl_flexcan.o
 .debug_aranges
                0x00000d58       0x40 ./drivers/fsl_gpio.o
 .debug_aranges
                0x00000d98      0x180 ./drivers/fsl_i2c.o
 .debug_aranges
                0x00000f18       0x40 ./drivers/fsl_pit.o
 .debug_aranges
                0x00000f58      0x288 ./drivers/fsl_sai.o
 .debug_aranges
                0x000011e0      0x198 ./drivers/fsl_sdhc.o
 .debug_aranges
                0x00001378      0x170 ./drivers/fsl_uart.o
 .debug_aranges
                0x000014e8       0x30 ./device/system_MK64F12.o
 .debug_aranges
                0x00001518       0x40 ./component/uart/uart_adapter.o
 .debug_aranges
                0x00001558       0x88 ./component/serial_manager/serial_manager.o
 .debug_aranges
                0x000015e0       0x38 ./component/serial_manager/serial_port_uart.o
 .debug_aranges
                0x00001618       0x20 ./board/boards/board.o
 .debug_aranges
                0x00001638       0x80 ./board/boards/clock_config.o
 .debug_aranges
                0x000016b8       0x28 ./board/boards/peripherals.o
 .debug_aranges
                0x000016e0       0x88 ./board/boards/pin_mux.o
 .debug_aranges
                0x00001768       0x50 ./Application/app_ADC.o
 .debug_aranges
                0x000017b8       0x30 ./Application/app_DAC.o
 .debug_aranges
                0x000017e8       0x78 ./Application/app_GPIO.o
 .debug_aranges
                0x00001860       0x60 ./Application/app_PIT.o
 .debug_aranges
                0x000018c0       0x38 ./Application/app_buffer.o

.debug_ranges   0x00000000     0x1748
 .debug_ranges  0x00000000       0x40 ./utilities/fsl_debug_console.o
 .debug_ranges  0x00000040      0x320 ./startup/startup_mk64f12.o
 .debug_ranges  0x00000360       0x10 ./source/main.o
 .debug_ranges  0x00000370       0x10 ./source/semihost_hardfault.o
 .debug_ranges  0x00000380       0x78 ./drivers/fsl_adc16.o
 .debug_ranges  0x000003f8      0x1e0 ./drivers/fsl_clock.o
 .debug_ranges  0x000005d8       0x80 ./drivers/fsl_dac.o
 .debug_ranges  0x00000658      0x1c8 ./drivers/fsl_dspi.o
 .debug_ranges  0x00000820      0x1c8 ./drivers/fsl_edma.o
 .debug_ranges  0x000009e8      0x148 ./drivers/fsl_enet.o
 .debug_ranges  0x00000b30      0x1a8 ./drivers/fsl_flexcan.o
 .debug_ranges  0x00000cd8       0x30 ./drivers/fsl_gpio.o
 .debug_ranges  0x00000d08      0x170 ./drivers/fsl_i2c.o
 .debug_ranges  0x00000e78       0x30 ./drivers/fsl_pit.o
 .debug_ranges  0x00000ea8      0x278 ./drivers/fsl_sai.o
 .debug_ranges  0x00001120      0x188 ./drivers/fsl_sdhc.o
 .debug_ranges  0x000012a8      0x160 ./drivers/fsl_uart.o
 .debug_ranges  0x00001408       0x20 ./device/system_MK64F12.o
 .debug_ranges  0x00001428       0x30 ./component/uart/uart_adapter.o
 .debug_ranges  0x00001458       0x78 ./component/serial_manager/serial_manager.o
 .debug_ranges  0x000014d0       0x28 ./component/serial_manager/serial_port_uart.o
 .debug_ranges  0x000014f8       0x10 ./board/boards/board.o
 .debug_ranges  0x00001508       0x70 ./board/boards/clock_config.o
 .debug_ranges  0x00001578       0x18 ./board/boards/peripherals.o
 .debug_ranges  0x00001590       0x78 ./board/boards/pin_mux.o
 .debug_ranges  0x00001608       0x40 ./Application/app_ADC.o
 .debug_ranges  0x00001648       0x20 ./Application/app_DAC.o
 .debug_ranges  0x00001668       0x68 ./Application/app_GPIO.o
 .debug_ranges  0x000016d0       0x50 ./Application/app_PIT.o
 .debug_ranges  0x00001720       0x28 ./Application/app_buffer.o

.debug_macro    0x00000000    0x14c5c
 .debug_macro   0x00000000      0x184 ./utilities/fsl_debug_console.o
 .debug_macro   0x00000184      0xad2 ./utilities/fsl_debug_console.o
 .debug_macro   0x00000c56       0x10 ./utilities/fsl_debug_console.o
 .debug_macro   0x00000c66       0x16 ./utilities/fsl_debug_console.o
 .debug_macro   0x00000c7c       0x10 ./utilities/fsl_debug_console.o
 .debug_macro   0x00000c8c      0x12e ./utilities/fsl_debug_console.o
 .debug_macro   0x00000dba       0x28 ./utilities/fsl_debug_console.o
 .debug_macro   0x00000de2       0x56 ./utilities/fsl_debug_console.o
 .debug_macro   0x00000e38       0x16 ./utilities/fsl_debug_console.o
 .debug_macro   0x00000e4e       0x22 ./utilities/fsl_debug_console.o
 .debug_macro   0x00000e70      0x5b3 ./utilities/fsl_debug_console.o
 .debug_macro   0x00001423       0x10 ./utilities/fsl_debug_console.o
 .debug_macro   0x00001433       0x57 ./utilities/fsl_debug_console.o
 .debug_macro   0x0000148a       0x1c ./utilities/fsl_debug_console.o
 .debug_macro   0x000014a6       0x22 ./utilities/fsl_debug_console.o
 .debug_macro   0x000014c8       0xdf ./utilities/fsl_debug_console.o
 .debug_macro   0x000015a7      0xecf ./utilities/fsl_debug_console.o
 .debug_macro   0x00002476       0x40 ./utilities/fsl_debug_console.o
 .debug_macro   0x000024b6     0xe977 ./utilities/fsl_debug_console.o
 .debug_macro   0x00010e2d     0x127f ./utilities/fsl_debug_console.o
 .debug_macro   0x000120ac       0xc9 ./utilities/fsl_debug_console.o
 .debug_macro   0x00012175      0x174 ./utilities/fsl_debug_console.o
 .debug_macro   0x000122e9       0x34 ./utilities/fsl_debug_console.o
 .debug_macro   0x0001231d       0x10 ./utilities/fsl_debug_console.o
 .debug_macro   0x0001232d       0x32 ./utilities/fsl_debug_console.o
 .debug_macro   0x0001235f       0x1c ./utilities/fsl_debug_console.o
 .debug_macro   0x0001237b       0xd2 ./utilities/fsl_debug_console.o
 .debug_macro   0x0001244d       0x1c ./utilities/fsl_debug_console.o
 .debug_macro   0x00012469       0x29 ./startup/startup_mk64f12.o
 .debug_macro   0x00012492      0x1a3 ./source/main.o
 .debug_macro   0x00012635       0xd8 ./source/main.o
 .debug_macro   0x0001270d       0x22 ./source/main.o
 .debug_macro   0x0001272f       0x16 ./source/main.o
 .debug_macro   0x00012745       0x10 ./source/main.o
 .debug_macro   0x00012755       0x16 ./source/main.o
 .debug_macro   0x0001276b      0x1f1 ./source/main.o
 .debug_macro   0x0001295c      0x1ce ./source/main.o
 .debug_macro   0x00012b2a       0x2e ./source/main.o
 .debug_macro   0x00012b58       0x22 ./source/main.o
 .debug_macro   0x00012b7a       0x11 ./source/semihost_hardfault.o
 .debug_macro   0x00012b8b      0x104 ./drivers/fsl_adc16.o
 .debug_macro   0x00012c8f       0x1c ./drivers/fsl_adc16.o
 .debug_macro   0x00012cab      0x1ba ./drivers/fsl_clock.o
 .debug_macro   0x00012e65      0x104 ./drivers/fsl_dac.o
 .debug_macro   0x00012f69      0x103 ./drivers/fsl_dspi.o
 .debug_macro   0x0001306c       0x3a ./drivers/fsl_dspi.o
 .debug_macro   0x000130a6      0x109 ./drivers/fsl_edma.o
 .debug_macro   0x000131af       0x10 ./drivers/fsl_edma.o
 .debug_macro   0x000131bf      0x1db ./drivers/fsl_enet.o
 .debug_macro   0x0001339a       0xc3 ./drivers/fsl_enet.o
 .debug_macro   0x0001345d      0x1a5 ./drivers/fsl_flexcan.o
 .debug_macro   0x00013602       0xd0 ./drivers/fsl_flexcan.o
 .debug_macro   0x000136d2      0x104 ./drivers/fsl_gpio.o
 .debug_macro   0x000137d6      0x103 ./drivers/fsl_i2c.o
 .debug_macro   0x000138d9       0x1c ./drivers/fsl_i2c.o
 .debug_macro   0x000138f5      0x104 ./drivers/fsl_pit.o
 .debug_macro   0x000139f9      0x103 ./drivers/fsl_sai.o
 .debug_macro   0x00013afc       0x11 ./drivers/fsl_sai.o
 .debug_macro   0x00013b0d      0x11b ./drivers/fsl_sdhc.o
 .debug_macro   0x00013c28       0x64 ./drivers/fsl_sdhc.o
 .debug_macro   0x00013c8c      0x10a ./drivers/fsl_uart.o
 .debug_macro   0x00013d96       0x98 ./device/system_MK64F12.o
 .debug_macro   0x00013e2e      0x100 ./component/uart/uart_adapter.o
 .debug_macro   0x00013f2e       0x10 ./component/uart/uart_adapter.o
 .debug_macro   0x00013f3e       0x22 ./component/uart/uart_adapter.o
 .debug_macro   0x00013f60      0x127 ./component/serial_manager/serial_manager.o
 .debug_macro   0x00014087      0x118 ./component/serial_manager/serial_port_uart.o
 .debug_macro   0x0001419f       0x22 ./component/serial_manager/serial_port_uart.o
 .debug_macro   0x000141c1      0x15c ./board/boards/board.o
 .debug_macro   0x0001431d       0x16 ./board/boards/board.o
 .debug_macro   0x00014333      0x15f ./board/boards/clock_config.o
 .debug_macro   0x00014492       0x1b ./board/boards/peripherals.o
 .debug_macro   0x000144ad      0x109 ./board/boards/pin_mux.o
 .debug_macro   0x000145b6      0x11d ./Application/app_ADC.o
 .debug_macro   0x000146d3      0x113 ./Application/app_DAC.o
 .debug_macro   0x000147e6       0x10 ./Application/app_DAC.o
 .debug_macro   0x000147f6      0x199 ./Application/app_GPIO.o
 .debug_macro   0x0001498f       0x1c ./Application/app_GPIO.o
 .debug_macro   0x000149ab       0x10 ./Application/app_GPIO.o
 .debug_macro   0x000149bb      0x132 ./Application/app_PIT.o
 .debug_macro   0x00014aed       0x10 ./Application/app_PIT.o
 .debug_macro   0x00014afd      0x15f ./Application/app_buffer.o

.debug_line     0x00000000    0x10800
 .debug_line    0x00000000      0x50d ./utilities/fsl_debug_console.o
 .debug_line    0x0000050d      0x90e ./startup/startup_mk64f12.o
 .debug_line    0x00000e1b      0x3b9 ./source/main.o
 .debug_line    0x000011d4       0x5a ./source/semihost_hardfault.o
 .debug_line    0x0000122e      0x60f ./drivers/fsl_adc16.o
 .debug_line    0x0000183d     0x1461 ./drivers/fsl_clock.o
 .debug_line    0x00002c9e      0x515 ./drivers/fsl_dac.o
 .debug_line    0x000031b3     0x1727 ./drivers/fsl_dspi.o
 .debug_line    0x000048da     0x11f1 ./drivers/fsl_edma.o
 .debug_line    0x00005acb     0x1082 ./drivers/fsl_enet.o
 .debug_line    0x00006b4d     0x11e8 ./drivers/fsl_flexcan.o
 .debug_line    0x00007d35      0x365 ./drivers/fsl_gpio.o
 .debug_line    0x0000809a     0x136d ./drivers/fsl_i2c.o
 .debug_line    0x00009407      0x36f ./drivers/fsl_pit.o
 .debug_line    0x00009776     0x1bc7 ./drivers/fsl_sai.o
 .debug_line    0x0000b33d     0x1165 ./drivers/fsl_sdhc.o
 .debug_line    0x0000c4a2     0x1138 ./drivers/fsl_uart.o
 .debug_line    0x0000d5da      0x3a8 ./device/system_MK64F12.o
 .debug_line    0x0000d982      0x3d6 ./component/uart/uart_adapter.o
 .debug_line    0x0000dd58      0x5b2 ./component/serial_manager/serial_manager.o
 .debug_line    0x0000e30a      0x3eb ./component/serial_manager/serial_port_uart.o
 .debug_line    0x0000e6f5      0x333 ./board/boards/board.o
 .debug_line    0x0000ea28      0x45b ./board/boards/clock_config.o
 .debug_line    0x0000ee83       0x78 ./board/boards/peripherals.o
 .debug_line    0x0000eefb      0x57d ./board/boards/pin_mux.o
 .debug_line    0x0000f478      0x3a4 ./Application/app_ADC.o
 .debug_line    0x0000f81c      0x304 ./Application/app_DAC.o
 .debug_line    0x0000fb20      0x547 ./Application/app_GPIO.o
 .debug_line    0x00010067      0x400 ./Application/app_PIT.o
 .debug_line    0x00010467      0x399 ./Application/app_buffer.o

.debug_str      0x00000000    0x8b937
 .debug_str     0x00000000    0x7a67f ./utilities/fsl_debug_console.o
                              0x7a768 (size before relaxing)
 .debug_str     0x0007a67f      0x7ed ./startup/startup_mk64f12.o
                               0x370e (size before relaxing)
 .debug_str     0x0007ae6c     0x1868 ./source/main.o
                              0x7ae5e (size before relaxing)
 .debug_str     0x0007c6d4       0x1f ./source/semihost_hardfault.o
                               0x2e9f (size before relaxing)
 .debug_str     0x0007c6f3      0xc65 ./drivers/fsl_adc16.o
                              0x7a43a (size before relaxing)
 .debug_str     0x0007d358     0x1901 ./drivers/fsl_clock.o
                              0x7b6c9 (size before relaxing)
 .debug_str     0x0007ec59      0x427 ./drivers/fsl_dac.o
                              0x79e3e (size before relaxing)
 .debug_str     0x0007f080     0x18da ./drivers/fsl_dspi.o
                              0x7b4a9 (size before relaxing)
 .debug_str     0x0008095a     0x106d ./drivers/fsl_edma.o
                              0x7b0fe (size before relaxing)
 .debug_str     0x000819c7     0x1c8f ./drivers/fsl_enet.o
                              0x7be24 (size before relaxing)
 .debug_str     0x00083656     0x23c3 ./drivers/fsl_flexcan.o
                              0x7c462 (size before relaxing)
 .debug_str     0x00085a19      0x1a9 ./drivers/fsl_gpio.o
                              0x79907 (size before relaxing)
 .debug_str     0x00085bc2      0xc7d ./drivers/fsl_i2c.o
                              0x7ad43 (size before relaxing)
 .debug_str     0x0008683f       0xf4 ./drivers/fsl_pit.o
                              0x79ad9 (size before relaxing)
 .debug_str     0x00086933     0x1265 ./drivers/fsl_sai.o
                              0x7b375 (size before relaxing)
 .debug_str     0x00087b98     0x18dc ./drivers/fsl_sdhc.o
                              0x7b9c1 (size before relaxing)
 .debug_str     0x00089474      0xcd4 ./drivers/fsl_uart.o
                              0x7ae50 (size before relaxing)
 .debug_str     0x0008a148      0x104 ./device/system_MK64F12.o
                              0x78123 (size before relaxing)
 .debug_str     0x0008a24c      0x326 ./component/uart/uart_adapter.o
                              0x79d71 (size before relaxing)
 .debug_str     0x0008a572      0x381 ./component/serial_manager/serial_manager.o
                              0x7975b (size before relaxing)
 .debug_str     0x0008a8f3       0xfc ./component/serial_manager/serial_port_uart.o
                              0x79809 (size before relaxing)
 .debug_str     0x0008a9ef       0x3e ./board/boards/board.o
                              0x7a82c (size before relaxing)
 .debug_str     0x0008aa2d      0x45c ./board/boards/clock_config.o
                              0x7a139 (size before relaxing)
 .debug_str     0x0008ae89       0x4e ./board/boards/peripherals.o
                               0x2ecd (size before relaxing)
 .debug_str     0x0008aed7      0x699 ./board/boards/pin_mux.o
                              0x7a1b8 (size before relaxing)
 .debug_str     0x0008b570      0x13d ./Application/app_ADC.o
                              0x79e5c (size before relaxing)
 .debug_str     0x0008b6ad       0x51 ./Application/app_DAC.o
                              0x79188 (size before relaxing)
 .debug_str     0x0008b6fe       0xf2 ./Application/app_GPIO.o
                              0x7c53f (size before relaxing)
 .debug_str     0x0008b7f0       0xf6 ./Application/app_PIT.o
                              0x7995f (size before relaxing)
 .debug_str     0x0008b8e6       0x51 ./Application/app_buffer.o
                              0x7aa9e (size before relaxing)

.comment        0x00000000       0x75
 .comment       0x00000000       0x75 ./utilities/fsl_debug_console.o
                                 0x76 (size before relaxing)
 .comment       0x00000075       0x76 ./startup/startup_mk64f12.o
 .comment       0x00000075       0x76 ./source/main.o
 .comment       0x00000075       0x76 ./source/semihost_hardfault.o
 .comment       0x00000075       0x76 ./drivers/fsl_adc16.o
 .comment       0x00000075       0x76 ./drivers/fsl_clock.o
 .comment       0x00000075       0x76 ./drivers/fsl_dac.o
 .comment       0x00000075       0x76 ./drivers/fsl_dspi.o
 .comment       0x00000075       0x76 ./drivers/fsl_edma.o
 .comment       0x00000075       0x76 ./drivers/fsl_enet.o
 .comment       0x00000075       0x76 ./drivers/fsl_flexcan.o
 .comment       0x00000075       0x76 ./drivers/fsl_gpio.o
 .comment       0x00000075       0x76 ./drivers/fsl_i2c.o
 .comment       0x00000075       0x76 ./drivers/fsl_pit.o
 .comment       0x00000075       0x76 ./drivers/fsl_sai.o
 .comment       0x00000075       0x76 ./drivers/fsl_sdhc.o
 .comment       0x00000075       0x76 ./drivers/fsl_uart.o
 .comment       0x00000075       0x76 ./device/system_MK64F12.o
 .comment       0x00000075       0x76 ./component/uart/uart_adapter.o
 .comment       0x00000075       0x76 ./component/serial_manager/serial_manager.o
 .comment       0x00000075       0x76 ./component/serial_manager/serial_port_uart.o
 .comment       0x00000075       0x76 ./board/boards/board.o
 .comment       0x00000075       0x76 ./board/boards/clock_config.o
 .comment       0x00000075       0x76 ./board/boards/peripherals.o
 .comment       0x00000075       0x76 ./board/boards/pin_mux.o
 .comment       0x00000075       0x76 ./Application/app_ADC.o
 .comment       0x00000075       0x76 ./Application/app_DAC.o
 .comment       0x00000075       0x76 ./Application/app_GPIO.o
 .comment       0x00000075       0x76 ./Application/app_PIT.o
 .comment       0x00000075       0x76 ./Application/app_buffer.o
 .comment       0x00000075       0x76 c:/nxp/mcuxpressoide_11.0.1_2563/ide/plugins/com.nxp.mcuxpresso.tools.win32_11.0.1.201907311258/tools/bin/../lib/gcc/arm-none-eabi/8.2.1/../../../../arm-none-eabi/lib/thumb/v7e-m+fp/hard\libcr_semihost_nf.a(_cr__main.o)
 .comment       0x00000075       0x76 c:/nxp/mcuxpressoide_11.0.1_2563/ide/plugins/com.nxp.mcuxpresso.tools.win32_11.0.1.201907311258/tools/bin/../lib/gcc/arm-none-eabi/8.2.1/../../../../arm-none-eabi/lib/thumb/v7e-m+fp/hard\libcr_semihost_nf.a(_cr_assert.o)
 .comment       0x00000075       0x76 c:/nxp/mcuxpressoide_11.0.1_2563/ide/plugins/com.nxp.mcuxpresso.tools.win32_11.0.1.201907311258/tools/bin/../lib/gcc/arm-none-eabi/8.2.1/../../../../arm-none-eabi/lib/thumb/v7e-m+fp/hard\libcr_semihost_nf.a(__ciob.o)
 .comment       0x00000075       0x76 c:/nxp/mcuxpressoide_11.0.1_2563/ide/plugins/com.nxp.mcuxpresso.tools.win32_11.0.1.201907311258/tools/bin/../lib/gcc/arm-none-eabi/8.2.1/../../../../arm-none-eabi/lib/thumb/v7e-m+fp/hard\libcr_c.a(memset.o)
 .comment       0x00000075       0x76 c:/nxp/mcuxpressoide_11.0.1_2563/ide/plugins/com.nxp.mcuxpresso.tools.win32_11.0.1.201907311258/tools/bin/../lib/gcc/arm-none-eabi/8.2.1/../../../../arm-none-eabi/lib/thumb/v7e-m+fp/hard\libcr_c.a(_deferredlazyseek.o)
 .comment       0x00000075       0x76 c:/nxp/mcuxpressoide_11.0.1_2563/ide/plugins/com.nxp.mcuxpresso.tools.win32_11.0.1.201907311258/tools/bin/../lib/gcc/arm-none-eabi/8.2.1/../../../../arm-none-eabi/lib/thumb/v7e-m+fp/hard\libcr_c.a(_fflush.o)
 .comment       0x00000075       0x76 c:/nxp/mcuxpressoide_11.0.1_2563/ide/plugins/com.nxp.mcuxpresso.tools.win32_11.0.1.201907311258/tools/bin/../lib/gcc/arm-none-eabi/8.2.1/../../../../arm-none-eabi/lib/thumb/v7e-m+fp/hard\libcr_c.a(_writebuf.o)
 .comment       0x00000075       0x76 c:/nxp/mcuxpressoide_11.0.1_2563/ide/plugins/com.nxp.mcuxpresso.tools.win32_11.0.1.201907311258/tools/bin/../lib/gcc/arm-none-eabi/8.2.1/../../../../arm-none-eabi/lib/thumb/v7e-m+fp/hard\libcr_c.a(alloc.o)
 .comment       0x00000075       0x76 c:/nxp/mcuxpressoide_11.0.1_2563/ide/plugins/com.nxp.mcuxpresso.tools.win32_11.0.1.201907311258/tools/bin/../lib/gcc/arm-none-eabi/8.2.1/../../../../arm-none-eabi/lib/thumb/v7e-m+fp/hard\libcr_c.a(fputs.o)
 .comment       0x00000075       0x76 c:/nxp/mcuxpressoide_11.0.1_2563/ide/plugins/com.nxp.mcuxpresso.tools.win32_11.0.1.201907311258/tools/bin/../lib/gcc/arm-none-eabi/8.2.1/../../../../arm-none-eabi/lib/thumb/v7e-m+fp/hard\libcr_c.a(fseek.o)
 .comment       0x00000075       0x76 c:/nxp/mcuxpressoide_11.0.1_2563/ide/plugins/com.nxp.mcuxpresso.tools.win32_11.0.1.201907311258/tools/bin/../lib/gcc/arm-none-eabi/8.2.1/../../../../arm-none-eabi/lib/thumb/v7e-m+fp/hard\libcr_c.a(ftell.o)
 .comment       0x00000075       0x76 c:/nxp/mcuxpressoide_11.0.1_2563/ide/plugins/com.nxp.mcuxpresso.tools.win32_11.0.1.201907311258/tools/bin/../lib/gcc/arm-none-eabi/8.2.1/../../../../arm-none-eabi/lib/thumb/v7e-m+fp/hard\libcr_c.a(initio.o)
 .comment       0x00000075       0x76 c:/nxp/mcuxpressoide_11.0.1_2563/ide/plugins/com.nxp.mcuxpresso.tools.win32_11.0.1.201907311258/tools/bin/../lib/gcc/arm-none-eabi/8.2.1/../../../../arm-none-eabi/lib/thumb/v7e-m+fp/hard\libcr_c.a(setvbuf.o)
 .comment       0x00000075       0x76 c:/nxp/mcuxpressoide_11.0.1_2563/ide/plugins/com.nxp.mcuxpresso.tools.win32_11.0.1.201907311258/tools/bin/../lib/gcc/arm-none-eabi/8.2.1/../../../../arm-none-eabi/lib/thumb/v7e-m+fp/hard\libcr_c.a(strlen.o)