core_cm4.h:1677:22:__NVIC_EnableIRQ	16	static
fsl_clock.h:668:20:CLOCK_EnableClock	24	static
fsl_clock.h:679:20:CLOCK_DisableClock	24	static
fsl_common.h:419:28:EnableIRQ	16	static
fsl_flexcan.h:817:20:FLEXCAN_ClearStatusFlags	16	static
fsl_flexcan.h:858:24:FLEXCAN_GetMbStatusFlags	16	static
fsl_flexcan.h:879:20:FLEXCAN_ClearMbStatusFlags	16	static
fsl_flexcan.h:906:20:FLEXCAN_EnableInterrupts	16	static
fsl_flexcan.h:927:20:FLEXCAN_DisableInterrupts	16	static
fsl_flexcan.h:950:20:FLEXCAN_EnableMbInterrupts	16	static
fsl_flexcan.h:972:20:FLEXCAN_DisableMbInterrupts	16	static
fsl_flexcan.h:1030:20:FLEXCAN_Enable	16	static
fsl_flexcan.c:288:10:FLEXCAN_GetInstance	24	static
fsl_flexcan.c:383:13:FLEXCAN_EnterFreezeMode	16	static
fsl_flexcan.c:394:13:FLEXCAN_ExitFreezeMode	16	static
fsl_flexcan.c:407:13:FLEXCAN_IsMbOccupied	24	static
fsl_flexcan.c:472:13:FLEXCAN_IsMbIntEnabled	16	static
fsl_flexcan.c:505:13:FLEXCAN_Reset	24	static
fsl_flexcan.c:580:13:FLEXCAN_SetBaudRate	32	static
fsl_flexcan.c:677:6:FLEXCAN_Init	40	static
fsl_flexcan.c:858:6:FLEXCAN_Deinit	24	static
fsl_flexcan.c:897:6:FLEXCAN_GetDefaultConfig	16	static
fsl_flexcan.c:947:6:FLEXCAN_SetTimingConfig	16	static
fsl_flexcan.c:1040:6:FLEXCAN_SetRxMbGlobalMask	16	static
fsl_flexcan.c:1062:6:FLEXCAN_SetRxFifoGlobalMask	16	static
fsl_flexcan.c:1088:6:FLEXCAN_SetRxIndividualMask	24	static
fsl_flexcan.c:1114:6:FLEXCAN_SetTxMbConfig	16	static
fsl_flexcan.c:1144:13:FLEXCAN_GetSegments	32	static
fsl_flexcan.c:1192:6:FLEXCAN_CalculateImprovedTimingValues	40	static
fsl_flexcan.c:1509:6:FLEXCAN_SetRxMbConfig	32	static
fsl_flexcan.c:1620:6:FLEXCAN_SetRxFifoConfig	40	static
fsl_flexcan.c:1847:10:FLEXCAN_WriteTxMb	32	static
fsl_flexcan.c:2010:10:FLEXCAN_ReadRxMb	32	static
fsl_flexcan.c:2175:10:FLEXCAN_ReadRxFifo	24	static
fsl_flexcan.c:2235:10:FLEXCAN_TransferSendBlocking	32	static
fsl_flexcan.c:2280:10:FLEXCAN_TransferReceiveBlocking	32	static
fsl_flexcan.c:2398:10:FLEXCAN_TransferReceiveFifoBlocking	24	static
fsl_flexcan.c:2428:6:FLEXCAN_TransferCreateHandle	32	static
fsl_flexcan.c:2493:10:FLEXCAN_TransferSendNonBlocking	32	static
fsl_flexcan.c:2554:10:FLEXCAN_TransferReceiveNonBlocking	32	static
fsl_flexcan.c:2709:10:FLEXCAN_TransferReceiveFifoNonBlocking	24	static
fsl_flexcan.c:2744:6:FLEXCAN_TransferAbortSend	32	static
fsl_flexcan.c:2856:6:FLEXCAN_TransferAbortReceive	32	static
fsl_flexcan.c:2885:6:FLEXCAN_TransferAbortReceiveFifo	16	static
fsl_flexcan.c:2912:6:FLEXCAN_TransferHandleIRQ	56	static
fsl_flexcan.c:3100:6:CAN0_DriverIRQHandler	8	static
