core_cm4.h:1677:22:__NVIC_EnableIRQ	16	static
core_cm4.h:1713:22:__NVIC_DisableIRQ	16	static
fsl_clock.h:668:20:CLOCK_EnableClock	24	static
fsl_clock.h:679:20:CLOCK_DisableClock	24	static
fsl_common.h:419:28:EnableIRQ	16	static
fsl_common.h:457:28:DisableIRQ	16	static
fsl_sdhc.h:640:20:SDHC_EnableInterruptStatus	16	static
fsl_sdhc.h:651:20:SDHC_DisableInterruptStatus	16	static
fsl_sdhc.h:662:20:SDHC_EnableInterruptSignal	16	static
fsl_sdhc.h:673:20:SDHC_DisableInterruptSignal	16	static
fsl_sdhc.h:691:24:SDHC_GetEnabledInterruptStatusFlags	16	static
fsl_sdhc.h:702:24:SDHC_GetInterruptStatusFlags	16	static
fsl_sdhc.h:713:20:SDHC_ClearInterruptStatusFlags	16	static
fsl_sdhc.h:748:24:SDHC_GetPresentStatusFlags	16	static
fsl_sdhc.h:884:20:SDHC_WriteData	16	static
fsl_sdhc.h:897:24:SDHC_ReadData	16	static
fsl_sdhc.c:222:17:SDHC_GetInstance	24	static
fsl_sdhc.c:236:13:SDHC_SetTransferInterrupt	24	static
fsl_sdhc.c:263:13:SDHC_StartTransfer	48	static
fsl_sdhc.c:353:17:SDHC_ReceiveCommandResponse	16	static
fsl_sdhc.c:385:17:SDHC_ReadDataPort	48	static
fsl_sdhc.c:433:17:SDHC_ReadByDataPortBlocking	32	static
fsl_sdhc.c:479:17:SDHC_WriteDataPort	40	static
fsl_sdhc.c:527:17:SDHC_WriteByDataPortBlocking	32	static
fsl_sdhc.c:585:17:SDHC_SendCommandBlocking	24	static
fsl_sdhc.c:609:17:SDHC_TransferByDataPortBlocking	24	static
fsl_sdhc.c:625:17:SDHC_TransferByAdma2Blocking	24	static
fsl_sdhc.c:649:17:SDHC_TransferDataBlocking	32	static
fsl_sdhc.c:674:13:SDHC_TransferHandleCardDetect	24	static
fsl_sdhc.c:692:13:SDHC_TransferHandleCommand	32	static
fsl_sdhc.c:711:13:SDHC_TransferHandleData	32	static
fsl_sdhc.c:745:13:SDHC_TransferHandleSdioInterrupt	16	static
fsl_sdhc.c:753:13:SDHC_TransferHandleSdioBlockGap	16	static
fsl_sdhc.c:781:6:SDHC_Init	24	static
fsl_sdhc.c:833:6:SDHC_Deinit	16	static
fsl_sdhc.c:850:6:SDHC_Reset	24	static
fsl_sdhc.c:872:6:SDHC_GetCapability	32	static
fsl_sdhc.c:911:10:SDHC_SetSdClock	48	static
fsl_sdhc.c:1012:6:SDHC_SetCardActive	16	static
fsl_sdhc.c:1049:6:SDHC_SetTransferConfig	16	static
fsl_sdhc.c:1072:6:SDHC_EnableSdioControl	32	static
fsl_sdhc.c:1138:6:SDHC_SetMmcBootConfig	24	static
fsl_sdhc.c:1175:10:SDHC_SetAdmaTableConfig	48	static
fsl_sdhc.c:1350:10:SDHC_TransferBlocking	48	static
fsl_sdhc.c:1410:6:SDHC_TransferCreateHandle	24	static
fsl_sdhc.c:1463:10:SDHC_TransferNonBlocking	48	static
fsl_sdhc.c:1519:6:SDHC_TransferHandleIRQ	24	static
fsl_sdhc.c:1552:6:SDHC_DriverIRQHandler	8	static
