fsl_dspi.h:532:24:DSPI_GetStatusFlags	16	static
fsl_dspi.h:551:20:DSPI_ClearStatusFlags	16	static
fsl_dspi.h:616:20:DSPI_EnableDMA	16	static
fsl_dspi.h:632:20:DSPI_DisableDMA	16	static
fsl_dspi.h:645:24:DSPI_MasterGetTxRegisterAddress	16	static
fsl_dspi.h:658:24:DSPI_SlaveGetTxRegisterAddress	16	static
fsl_dspi.h:671:24:DSPI_GetRxRegisterAddress	16	static
fsl_dspi.h:726:20:DSPI_StartTransfer	16	static
fsl_dspi.h:737:20:DSPI_StopTransfer	16	static
fsl_dspi.h:766:20:DSPI_FlushFifo	16	static
fsl_dspi.h:947:24:DSPI_MasterGetFormattedCommand	16	static
fsl_edma.h:460:20:EDMA_EnableAutoStopRequest	24	static
fsl_dspi_edma.c:91:6:DSPI_MasterTransferCreateHandleEDMA	32	static
fsl_dspi_edma.c:133:10:DSPI_MasterTransferEDMA	168	static
fsl_dspi_edma.c:961:10:DSPI_MasterHalfDuplexTransferEDMA	48	static
fsl_dspi_edma.c:1016:13:EDMA_DspiMasterCallback	40	static
fsl_dspi_edma.c:1047:6:DSPI_MasterTransferAbortEDMA	16	static
fsl_dspi_edma.c:1072:10:DSPI_MasterTransferGetCountEDMA	40	static
fsl_dspi_edma.c:1117:6:DSPI_SlaveTransferCreateHandleEDMA	32	static
fsl_dspi_edma.c:1156:10:DSPI_SlaveTransferEDMA	112	static
fsl_dspi_edma.c:1478:13:EDMA_DspiSlaveCallback	40	static
fsl_dspi_edma.c:1509:6:DSPI_SlaveTransferAbortEDMA	16	static
fsl_dspi_edma.c:1533:10:DSPI_SlaveTransferGetCountEDMA	40	static
