core_cm4.h:1677:22:__NVIC_EnableIRQ	16	static
fsl_clock.h:668:20:CLOCK_EnableClock	24	static
fsl_clock.h:679:20:CLOCK_DisableClock	24	static
fsl_common.h:419:28:EnableIRQ	16	static
fsl_sai.h:873:20:SAI_TxClearStatusFlags	16	static
fsl_sai.h:898:20:SAI_RxClearStatusFlags	16	static
fsl_sai.h:1076:20:SAI_TxEnableInterrupts	16	static
fsl_sai.h:1093:20:SAI_RxEnableInterrupts	16	static
fsl_sai.h:1110:20:SAI_TxDisableInterrupts	16	static
fsl_sai.h:1127:20:SAI_RxDisableInterrupts	16	static
fsl_sai.c:132:13:SAI_SetMasterClockDivider	56	static
fsl_sai.c:210:17:SAI_GetInstance	24	static
fsl_sai.c:228:13:SAI_WriteNonBlocking	48	static
fsl_sai.c:261:13:SAI_ReadNonBlocking	40	static
fsl_sai.c:291:13:SAI_GetCommonConfig	24	static
fsl_sai.c:360:6:SAI_TxInit	24	static
fsl_sai.c:490:6:SAI_RxInit	24	static
fsl_sai.c:611:6:SAI_Init	16	static
fsl_sai.c:627:6:SAI_Deinit	16	static
fsl_sai.c:653:6:SAI_TxGetDefaultConfig	16	static
fsl_sai.c:687:6:SAI_RxGetDefaultConfig	16	static
fsl_sai.c:711:6:SAI_TxReset	16	static
fsl_sai.c:734:6:SAI_RxReset	16	static
fsl_sai.c:756:6:SAI_TxEnable	16	static
fsl_sai.c:786:6:SAI_RxEnable	16	static
fsl_sai.c:820:6:SAI_TxSoftwareReset	16	static
fsl_sai.c:839:6:SAI_RxSoftwareReset	16	static
fsl_sai.c:854:6:SAI_TxSetChannelFIFOMask	16	static
fsl_sai.c:867:6:SAI_RxSetChannelFIFOMask	16	static
fsl_sai.c:879:6:SAI_TxSetDataOrder	24	static
fsl_sai.c:893:6:SAI_RxSetDataOrder	24	static
fsl_sai.c:907:6:SAI_TxSetBitClockPolarity	24	static
fsl_sai.c:921:6:SAI_RxSetBitClockPolarity	24	static
fsl_sai.c:935:6:SAI_TxSetFrameSyncPolarity	24	static
fsl_sai.c:949:6:SAI_RxSetFrameSyncPolarity	24	static
fsl_sai.c:998:6:SAI_TxSetBitClockRate	40	static
fsl_sai.c:1045:6:SAI_RxSetBitClockRate	40	static
fsl_sai.c:1090:6:SAI_TxSetBitclockConfig	32	static
fsl_sai.c:1117:6:SAI_RxSetBitclockConfig	32	static
fsl_sai.c:1145:6:SAI_SetMasterClockConfig	24	static
fsl_sai.c:1179:6:SAI_TxSetFifoConfig	24	static
fsl_sai.c:1221:6:SAI_RxSetFifoConfig	24	static
fsl_sai.c:1258:6:SAI_TxSetFrameSyncConfig	32	static
fsl_sai.c:1292:6:SAI_RxSetFrameSyncConfig	32	static
fsl_sai.c:1325:6:SAI_TxSetSerialDataConfig	24	static
fsl_sai.c:1359:6:SAI_RxSetSerialDataConfig	24	static
fsl_sai.c:1381:6:SAI_TxSetConfig	32	static
fsl_sai.c:1477:6:SAI_TransferTxSetConfig	24	static
fsl_sai.c:1503:6:SAI_RxSetConfig	32	static
fsl_sai.c:1600:6:SAI_TransferRxSetConfig	24	static
fsl_sai.c:1628:6:SAI_GetClassicI2SConfig	24	static
fsl_sai.c:1644:6:SAI_GetLeftJustifiedConfig	24	static
fsl_sai.c:1666:6:SAI_GetRightJustifiedConfig	24	static
fsl_sai.c:1688:6:SAI_GetDSPConfig	16	static
fsl_sai.c:1720:6:SAI_GetTDMConfig	24	static
fsl_sai.c:1762:6:SAI_TxSetFormat	48	static
fsl_sai.c:1902:6:SAI_RxSetFormat	48	static
fsl_sai.c:2039:6:SAI_WriteBlocking	48	static
fsl_sai.c:2077:6:SAI_WriteMultiChannelBlocking	64	static
fsl_sai.c:2132:6:SAI_ReadMultiChannelBlocking	64	static
fsl_sai.c:2179:6:SAI_ReadBlocking	48	static
fsl_sai.c:2211:6:SAI_TransferTxCreateHandle	24	static
fsl_sai.c:2242:6:SAI_TransferRxCreateHandle	24	static
fsl_sai.c:2278:10:SAI_TransferTxSetFormat	24	static
fsl_sai.c:2328:10:SAI_TransferRxSetFormat	24	static
fsl_sai.c:2377:10:SAI_TransferSendNonBlocking	24	static
fsl_sai.c:2425:10:SAI_TransferReceiveNonBlocking	24	static
fsl_sai.c:2467:10:SAI_TransferGetSendCount	32	static
fsl_sai.c:2494:10:SAI_TransferGetReceiveCount	32	static
fsl_sai.c:2521:6:SAI_TransferAbortSend	16	static
fsl_sai.c:2551:6:SAI_TransferAbortReceive	16	static
fsl_sai.c:2581:6:SAI_TransferTerminateSend	16	static
fsl_sai.c:2604:6:SAI_TransferTerminateReceive	16	static
fsl_sai.c:2624:6:SAI_TransferTxHandleIRQ	48	static
fsl_sai.c:2701:6:SAI_TransferRxHandleIRQ	48	static
fsl_sai.c:2772:6:I2S0_DriverIRQHandler	8	static
fsl_sai.c:2801:6:I2S0_Tx_DriverIRQHandler	8	static
fsl_sai.c:2812:6:I2S0_Rx_DriverIRQHandler	8	static
