fsl_clock.h:668:20:CLOCK_EnableClock	24	static
fsl_clock.h:679:20:CLOCK_DisableClock	24	static
fsl_ftm.c:66:17:FTM_GetInstance	24	static
fsl_ftm.c:85:13:FTM_SetPwmSync	32	static
fsl_ftm.c:142:13:FTM_SetReloadPoints	32	static
fsl_ftm.c:217:10:FTM_Init	24	static
fsl_ftm.c:291:6:FTM_Deinit	16	static
fsl_ftm.c:322:6:FTM_GetDefaultConfig	16	static
fsl_ftm.c:371:10:FTM_SetupPwm	48	static
fsl_ftm.c:550:6:FTM_UpdatePwmDutycycle	24	static
fsl_ftm.c:595:6:FTM_UpdateChnlEdgeLevelSelect	24	static
fsl_ftm.c:622:10:FTM_SetupPwmMode	32	static
fsl_ftm.c:731:6:FTM_SetupInputCapture	32	static
fsl_ftm.c:778:6:FTM_SetupOutputCompare	32	static
fsl_ftm.c:823:6:FTM_SetupDualEdgeCapture	32	static
fsl_ftm.c:874:6:FTM_SetupQuadDecode	32	static
fsl_ftm.c:924:6:FTM_SetupFault	24	static
fsl_ftm.c:969:6:FTM_EnableInterrupts	24	static
fsl_ftm.c:1013:6:FTM_DisableInterrupts	24	static
fsl_ftm.c:1057:10:FTM_GetEnabledInterrupts	24	static
fsl_ftm.c:1105:10:FTM_GetStatusFlags	24	static
fsl_ftm.c:1145:6:FTM_ClearStatusFlags	16	static
